Archive member included to satisfy reference by file (symbol)

c:/ac6/systemworkbench/plugins/fr.ac6.mcu.externaltools.arm-none.win32_1.17.0.201812190825/tools/compiler/bin/../lib/gcc/arm-none-eabi/7.3.1/thumb/v7e-m/fpv4-sp/hard\libgcc.a(_aeabi_uldivmod.o)
                              Drivers/STM32F4xx_HAL_Driver/Src/stm32f4xx_hal_rcc.o (__aeabi_uldivmod)
c:/ac6/systemworkbench/plugins/fr.ac6.mcu.externaltools.arm-none.win32_1.17.0.201812190825/tools/compiler/bin/../lib/gcc/arm-none-eabi/7.3.1/thumb/v7e-m/fpv4-sp/hard\libgcc.a(_udivmoddi4.o)
                              c:/ac6/systemworkbench/plugins/fr.ac6.mcu.externaltools.arm-none.win32_1.17.0.201812190825/tools/compiler/bin/../lib/gcc/arm-none-eabi/7.3.1/thumb/v7e-m/fpv4-sp/hard\libgcc.a(_aeabi_uldivmod.o) (__udivmoddi4)
c:/ac6/systemworkbench/plugins/fr.ac6.mcu.externaltools.arm-none.win32_1.17.0.201812190825/tools/compiler/bin/../lib/gcc/arm-none-eabi/7.3.1/thumb/v7e-m/fpv4-sp/hard\libgcc.a(_dvmd_tls.o)
                              c:/ac6/systemworkbench/plugins/fr.ac6.mcu.externaltools.arm-none.win32_1.17.0.201812190825/tools/compiler/bin/../lib/gcc/arm-none-eabi/7.3.1/thumb/v7e-m/fpv4-sp/hard\libgcc.a(_aeabi_uldivmod.o) (__aeabi_ldiv0)
c:/ac6/systemworkbench/plugins/fr.ac6.mcu.externaltools.arm-none.win32_1.17.0.201812190825/tools/compiler/bin/../lib/gcc/arm-none-eabi/7.3.1/../../../../arm-none-eabi/lib/thumb/v7e-m/fpv4-sp/hard\libc_nano.a(lib_a-calloc.o)
                              Core/Src/gsm.o (calloc)
c:/ac6/systemworkbench/plugins/fr.ac6.mcu.externaltools.arm-none.win32_1.17.0.201812190825/tools/compiler/bin/../lib/gcc/arm-none-eabi/7.3.1/../../../../arm-none-eabi/lib/thumb/v7e-m/fpv4-sp/hard\libc_nano.a(lib_a-errno.o)
                              Core/Src/syscalls.o (__errno)
c:/ac6/systemworkbench/plugins/fr.ac6.mcu.externaltools.arm-none.win32_1.17.0.201812190825/tools/compiler/bin/../lib/gcc/arm-none-eabi/7.3.1/../../../../arm-none-eabi/lib/thumb/v7e-m/fpv4-sp/hard\libc_nano.a(lib_a-exit.o)
                              c:/ac6/systemworkbench/plugins/fr.ac6.mcu.externaltools.arm-none.win32_1.17.0.201812190825/tools/compiler/bin/../lib/gcc/arm-none-eabi/7.3.1/../../../../arm-none-eabi/lib/thumb/v7e-m/fpv4-sp/hard/crt0.o (exit)
c:/ac6/systemworkbench/plugins/fr.ac6.mcu.externaltools.arm-none.win32_1.17.0.201812190825/tools/compiler/bin/../lib/gcc/arm-none-eabi/7.3.1/../../../../arm-none-eabi/lib/thumb/v7e-m/fpv4-sp/hard\libc_nano.a(lib_a-impure.o)
                              c:/ac6/systemworkbench/plugins/fr.ac6.mcu.externaltools.arm-none.win32_1.17.0.201812190825/tools/compiler/bin/../lib/gcc/arm-none-eabi/7.3.1/../../../../arm-none-eabi/lib/thumb/v7e-m/fpv4-sp/hard\libc_nano.a(lib_a-exit.o) (_global_impure_ptr)
c:/ac6/systemworkbench/plugins/fr.ac6.mcu.externaltools.arm-none.win32_1.17.0.201812190825/tools/compiler/bin/../lib/gcc/arm-none-eabi/7.3.1/../../../../arm-none-eabi/lib/thumb/v7e-m/fpv4-sp/hard\libc_nano.a(lib_a-init.o)
                              c:/ac6/systemworkbench/plugins/fr.ac6.mcu.externaltools.arm-none.win32_1.17.0.201812190825/tools/compiler/bin/../lib/gcc/arm-none-eabi/7.3.1/../../../../arm-none-eabi/lib/thumb/v7e-m/fpv4-sp/hard/crt0.o (__libc_init_array)
c:/ac6/systemworkbench/plugins/fr.ac6.mcu.externaltools.arm-none.win32_1.17.0.201812190825/tools/compiler/bin/../lib/gcc/arm-none-eabi/7.3.1/../../../../arm-none-eabi/lib/thumb/v7e-m/fpv4-sp/hard\libc_nano.a(lib_a-malloc.o)
                              Middlewares/ST/STM32_USB_Host_Library/Class/CDC/Src/usbh_cdc.o (malloc)
c:/ac6/systemworkbench/plugins/fr.ac6.mcu.externaltools.arm-none.win32_1.17.0.201812190825/tools/compiler/bin/../lib/gcc/arm-none-eabi/7.3.1/../../../../arm-none-eabi/lib/thumb/v7e-m/fpv4-sp/hard\libc_nano.a(lib_a-memset.o)
                              c:/ac6/systemworkbench/plugins/fr.ac6.mcu.externaltools.arm-none.win32_1.17.0.201812190825/tools/compiler/bin/../lib/gcc/arm-none-eabi/7.3.1/../../../../arm-none-eabi/lib/thumb/v7e-m/fpv4-sp/hard/crt0.o (memset)
c:/ac6/systemworkbench/plugins/fr.ac6.mcu.externaltools.arm-none.win32_1.17.0.201812190825/tools/compiler/bin/../lib/gcc/arm-none-eabi/7.3.1/../../../../arm-none-eabi/lib/thumb/v7e-m/fpv4-sp/hard\libc_nano.a(lib_a-nano-callocr.o)
                              c:/ac6/systemworkbench/plugins/fr.ac6.mcu.externaltools.arm-none.win32_1.17.0.201812190825/tools/compiler/bin/../lib/gcc/arm-none-eabi/7.3.1/../../../../arm-none-eabi/lib/thumb/v7e-m/fpv4-sp/hard\libc_nano.a(lib_a-calloc.o) (_calloc_r)
c:/ac6/systemworkbench/plugins/fr.ac6.mcu.externaltools.arm-none.win32_1.17.0.201812190825/tools/compiler/bin/../lib/gcc/arm-none-eabi/7.3.1/../../../../arm-none-eabi/lib/thumb/v7e-m/fpv4-sp/hard\libc_nano.a(lib_a-nano-freer.o)
                              c:/ac6/systemworkbench/plugins/fr.ac6.mcu.externaltools.arm-none.win32_1.17.0.201812190825/tools/compiler/bin/../lib/gcc/arm-none-eabi/7.3.1/../../../../arm-none-eabi/lib/thumb/v7e-m/fpv4-sp/hard\libc_nano.a(lib_a-malloc.o) (_free_r)
[...]
Memory Configuration

Name             Origin             Length             Attributes
RAM              0x20000000         0x00020000         xrw
CCMRAM           0x10000000         0x00010000         xrw
FLASH            0x08000000         0x00100000         xr
*default*        0x00000000         0xffffffff

Linker script and memory map

LOAD c:/ac6/systemworkbench/plugins/fr.ac6.mcu.externaltools.arm-none.win32_1.17.0.201812190825/tools/compiler/bin/../lib/gcc/arm-none-eabi/7.3.1/thumb/v7e-m/fpv4-sp/hard/crti.o
LOAD c:/ac6/systemworkbench/plugins/fr.ac6.mcu.externaltools.arm-none.win32_1.17.0.201812190825/tools/compiler/bin/../lib/gcc/arm-none-eabi/7.3.1/thumb/v7e-m/fpv4-sp/hard/crtbegin.o
LOAD c:/ac6/systemworkbench/plugins/fr.ac6.mcu.externaltools.arm-none.win32_1.17.0.201812190825/tools/compiler/bin/../lib/gcc/arm-none-eabi/7.3.1/../../../../arm-none-eabi/lib/thumb/v7e-m/fpv4-sp/hard/crt0.o
LOAD Core/Src/gsm.o
LOAD Core/Src/main.o
LOAD Core/Src/stm32f4xx_hal_msp.o
LOAD Core/Src/stm32f4xx_it.o
LOAD Core/Src/syscalls.o
LOAD Core/Src/system_stm32f4xx.o
LOAD Drivers/STM32F4xx_HAL_Driver/Src/stm32f4xx_hal.o
LOAD Drivers/STM32F4xx_HAL_Driver/Src/stm32f4xx_hal_cortex.o
LOAD Drivers/STM32F4xx_HAL_Driver/Src/stm32f4xx_hal_dma.o
LOAD Drivers/STM32F4xx_HAL_Driver/Src/stm32f4xx_hal_dma_ex.o
LOAD Drivers/STM32F4xx_HAL_Driver/Src/stm32f4xx_hal_exti.o
LOAD Drivers/STM32F4xx_HAL_Driver/Src/stm32f4xx_hal_flash.o
LOAD Drivers/STM32F4xx_HAL_Driver/Src/stm32f4xx_hal_flash_ex.o
LOAD Drivers/STM32F4xx_HAL_Driver/Src/stm32f4xx_hal_flash_ramfunc.o
LOAD Drivers/STM32F4xx_HAL_Driver/Src/stm32f4xx_hal_gpio.o
LOAD Drivers/STM32F4xx_HAL_Driver/Src/stm32f4xx_hal_hcd.o
LOAD Drivers/STM32F4xx_HAL_Driver/Src/stm32f4xx_hal_i2c.o
LOAD Drivers/STM32F4xx_HAL_Driver/Src/stm32f4xx_hal_i2c_ex.o
LOAD Drivers/STM32F4xx_HAL_Driver/Src/stm32f4xx_hal_i2s.o
LOAD Drivers/STM32F4xx_HAL_Driver/Src/stm32f4xx_hal_i2s_ex.o
LOAD Drivers/STM32F4xx_HAL_Driver/Src/stm32f4xx_hal_pwr.o
LOAD Drivers/STM32F4xx_HAL_Driver/Src/stm32f4xx_hal_pwr_ex.o
LOAD Drivers/STM32F4xx_HAL_Driver/Src/stm32f4xx_hal_rcc.o
LOAD Drivers/STM32F4xx_HAL_Driver/Src/stm32f4xx_hal_rcc_ex.o
LOAD Drivers/STM32F4xx_HAL_Driver/Src/stm32f4xx_hal_spi.o
LOAD Drivers/STM32F4xx_HAL_Driver/Src/stm32f4xx_hal_tim.o
LOAD Drivers/STM32F4xx_HAL_Driver/Src/stm32f4xx_hal_tim_ex.o
LOAD Drivers/STM32F4xx_HAL_Driver/Src/stm32f4xx_hal_uart.o
LOAD Drivers/STM32F4xx_HAL_Driver/Src/stm32f4xx_ll_usb.o
LOAD Middlewares/ST/STM32_USB_Host_Library/Class/CDC/Src/usbh_cdc.o
LOAD Middlewares/ST/STM32_USB_Host_Library/Core/Src/usbh_core.o
LOAD Middlewares/ST/STM32_USB_Host_Library/Core/Src/usbh_ctlreq.o
LOAD Middlewares/ST/STM32_USB_Host_Library/Core/Src/usbh_ioreq.o
LOAD Middlewares/ST/STM32_USB_Host_Library/Core/Src/usbh_pipes.o
LOAD USB_HOST/App/usb_host.o
LOAD USB_HOST/Target/usbh_conf.o
LOAD USB_HOST/Target/usbh_platform.o
LOAD startup/startup_stm32f407xx.o
LOAD c:/ac6/systemworkbench/plugins/fr.ac6.mcu.externaltools.arm-none.win32_1.17.0.201812190825/tools/compiler/bin/../lib/gcc/arm-none-eabi/7.3.1/../../../../arm-none-eabi/lib/thumb/v7e-m/fpv4-sp/hard\libm.a
START GROUP
LOAD c:/ac6/systemworkbench/plugins/fr.ac6.mcu.externaltools.arm-none.win32_1.17.0.201812190825/tools/compiler/bin/../lib/gcc/arm-none-eabi/7.3.1/thumb/v7e-m/fpv4-sp/hard\libgcc.a
LOAD c:/ac6/systemworkbench/plugins/fr.ac6.mcu.externaltools.arm-none.win32_1.17.0.201812190825/tools/compiler/bin/../lib/gcc/arm-none-eabi/7.3.1/../../../../arm-none-eabi/lib/thumb/v7e-m/fpv4-sp/hard\libc_nano.a
END GROUP
START GROUP
LOAD c:/ac6/systemworkbench/plugins/fr.ac6.mcu.externaltools.arm-none.win32_1.17.0.201812190825/tools/compiler/bin/../lib/gcc/arm-none-eabi/7.3.1/thumb/v7e-m/fpv4-sp/hard\libgcc.a
LOAD c:/ac6/systemworkbench/plugins/fr.ac6.mcu.externaltools.arm-none.win32_1.17.0.201812190825/tools/compiler/bin/../lib/gcc/arm-none-eabi/7.3.1/../../../../arm-none-eabi/lib/thumb/v7e-m/fpv4-sp/hard\libc_nano.a
LOAD c:/ac6/systemworkbench/plugins/fr.ac6.mcu.externaltools.arm-none.win32_1.17.0.201812190825/tools/compiler/bin/../lib/gcc/arm-none-eabi/7.3.1/../../../../arm-none-eabi/lib/thumb/v7e-m/fpv4-sp/hard\libnosys.a
END GROUP
START GROUP
LOAD c:/ac6/systemworkbench/plugins/fr.ac6.mcu.externaltools.arm-none.win32_1.17.0.201812190825/tools/compiler/bin/../lib/gcc/arm-none-eabi/7.3.1/thumb/v7e-m/fpv4-sp/hard\libgcc.a
LOAD c:/ac6/systemworkbench/plugins/fr.ac6.mcu.externaltools.arm-none.win32_1.17.0.201812190825/tools/compiler/bin/../lib/gcc/arm-none-eabi/7.3.1/../../../../arm-none-eabi/lib/thumb/v7e-m/fpv4-sp/hard\libc_nano.a
LOAD c:/ac6/systemworkbench/plugins/fr.ac6.mcu.externaltools.arm-none.win32_1.17.0.201812190825/tools/compiler/bin/../lib/gcc/arm-none-eabi/7.3.1/../../../../arm-none-eabi/lib/thumb/v7e-m/fpv4-sp/hard\libnosys.a
END GROUP
LOAD c:/ac6/systemworkbench/plugins/fr.ac6.mcu.externaltools.arm-none.win32_1.17.0.201812190825/tools/compiler/bin/../lib/gcc/arm-none-eabi/7.3.1/thumb/v7e-m/fpv4-sp/hard/crtend.o
LOAD c:/ac6/systemworkbench/plugins/fr.ac6.mcu.externaltools.arm-none.win32_1.17.0.201812190825/tools/compiler/bin/../lib/gcc/arm-none-eabi/7.3.1/thumb/v7e-m/fpv4-sp/hard/crtn.o
                0x20020000                _estack = 0x20020000
                0x00000200                _Min_Heap_Size = 0x200
                0x00000400                _Min_Stack_Size = 0x400

.isr_vector     0x08000000      0x188
                0x08000000                . = ALIGN (0x4)
 *(.isr_vector)
 .isr_vector    0x08000000      0x188 startup/startup_stm32f407xx.o
                0x08000000                g_pfnVectors
                0x08000188                . = ALIGN (0x4)

.text           0x08000188     0x2cc0
                0x08000188                . = ALIGN (0x4)
 *(.text)
 .text          0x08000188       0x40 c:/ac6/systemworkbench/plugins/fr.ac6.mcu.externaltools.arm-none.win32_1.17.0.201812190825/tools/compiler/bin/../lib/gcc/arm-none-eabi/7.3.1/thumb/v7e-m/fpv4-sp/hard/crtbegin.o
 .text          0x080001c8       0x30 c:/ac6/systemworkbench/plugins/fr.ac6.mcu.externaltools.arm-none.win32_1.17.0.201812190825/tools/compiler/bin/../lib/gcc/arm-none-eabi/7.3.1/thumb/v7e-m/fpv4-sp/hard\libgcc.a(_aeabi_uldivmod.o)
                0x080001c8                __aeabi_uldivmod
 .text          0x080001f8      0x2cc c:/ac6/systemworkbench/plugins/fr.ac6.mcu.externaltools.arm-none.win32_1.17.0.201812190825/tools/compiler/bin/../lib/gcc/arm-none-eabi/7.3.1/thumb/v7e-m/fpv4-sp/hard\libgcc.a(_udivmoddi4.o)
                0x080001f8                __udivmoddi4
 .text          0x080004c4        0x4 c:/ac6/systemworkbench/plugins/fr.ac6.mcu.externaltools.arm-none.win32_1.17.0.201812190825/tools/compiler/bin/../lib/gcc/arm-none-eabi/7.3.1/thumb/v7e-m/fpv4-sp/hard\libgcc.a(_dvmd_tls.o)
                0x080004c4                __aeabi_idiv0
                0x080004c4                __aeabi_ldiv0
 *(.text*)
 .text.Send_AT_Command
                0x080004c8       0x58 Core/Src/gsm.o
                0x080004c8                Send_AT_Command
 .text.jump_to_character
                0x08000520        0xc Core/Src/gsm.o
                0x08000520                jump_to_character
 .text.extract_substring
                0x0800052c       0x10 Core/Src/gsm.o
                0x0800052c                extract_substring
 .text.send_sms
                0x0800053c       0x5c Core/Src/gsm.o
                0x0800053c                send_sms
 .text.extract_sms
                0x08000598       0x84 Core/Src/gsm.o
                0x08000598                extract_sms
 .text.compare_string
                0x0800061c       0x2e Core/Src/gsm.o
                0x0800061c                compare_string
 *fill*         0x0800064a        0x2 
 .text.process_command
                0x0800064c       0x9c Core/Src/gsm.o
                0x0800064c                process_command
 .text.IMEI_Number
                0x080006e8       0x34 Core/Src/gsm.o
                0x080006e8                IMEI_Number
 .text.IMSI_Number
                0x0800071c       0x34 Core/Src/gsm.o
                0x0800071c                IMSI_Number
 .text.verify_response
                0x08000750       0x10 Core/Src/gsm.o
                0x08000750                verify_response
 .text.check_sim_status
                0x08000760       0x28 Core/Src/gsm.o
                0x08000760                check_sim_status
 .text.string_concat
                0x08000788       0x40 Core/Src/gsm.o
                0x08000788                string_concat
 .text.MX_USART3_UART_Init
                0x080007c8       0x34 Core/Src/gsm.o
                0x080007c8                MX_USART3_UART_Init
 .text.gsm_task
                0x080007fc      0x11c Core/Src/gsm.o
                0x080007fc                gsm_task
 .text.MX_GPIO_Init
                0x08000918      0x17c Core/Src/main.o
 .text.MX_USART2_UART_Init
                0x08000a94       0x2c Core/Src/main.o
 .text.SystemClock_Config
                0x08000ac0       0xb0 Core/Src/main.o
                0x08000ac0                SystemClock_Config
 .text.main     0x08000b70       0x38 Core/Src/main.o
                0x08000b70                main
 .text.Error_Handler
                0x08000ba8        0x2 Core/Src/main.o
                0x08000ba8                Error_Handler
 *fill*         0x08000baa        0x2 
 .text.HAL_MspInit
                0x08000bac       0x40 Core/Src/stm32f4xx_hal_msp.o
                0x08000bac                HAL_MspInit
 .text.HAL_UART_MspInit
                0x08000bec      0x104 Core/Src/stm32f4xx_hal_msp.o
                0x08000bec                HAL_UART_MspInit
 .text.NMI_Handler
                0x08000cf0        0x2 Core/Src/stm32f4xx_it.o
                0x08000cf0                NMI_Handler
 .text.HardFault_Handler
                0x08000cf2        0x2 Core/Src/stm32f4xx_it.o
                0x08000cf2                HardFault_Handler
 .text.MemManage_Handler
                0x08000cf4        0x2 Core/Src/stm32f4xx_it.o
                0x08000cf4                MemManage_Handler
 .text.BusFault_Handler
                0x08000cf6        0x2 Core/Src/stm32f4xx_it.o
                0x08000cf6                BusFault_Handler
 .text.UsageFault_Handler
                0x08000cf8        0x2 Core/Src/stm32f4xx_it.o
                0x08000cf8                UsageFault_Handler
 .text.SVC_Handler
                0x08000cfa        0x2 Core/Src/stm32f4xx_it.o
                0x08000cfa                SVC_Handler
 .text.DebugMon_Handler
                0x08000cfc        0x2 Core/Src/stm32f4xx_it.o
                0x08000cfc                DebugMon_Handler
 .text.PendSV_Handler
                0x08000cfe        0x2 Core/Src/stm32f4xx_it.o
                0x08000cfe                PendSV_Handler
 .text.SysTick_Handler
                0x08000d00        0x8 Core/Src/stm32f4xx_it.o
                0x08000d00                SysTick_Handler
 .text.USART3_IRQHandler
                0x08000d08       0x10 Core/Src/stm32f4xx_it.o
                0x08000d08                USART3_IRQHandler
 .text.OTG_FS_IRQHandler
                0x08000d18       0x10 Core/Src/stm32f4xx_it.o
                0x08000d18                OTG_FS_IRQHandler
 .text.HAL_UART_RxCpltCallback
                0x08000d28       0x38 Core/Src/stm32f4xx_it.o
                0x08000d28                HAL_UART_RxCpltCallback
 .text._sbrk    0x08000d60       0x3c Core/Src/syscalls.o
                0x08000d60                _sbrk
 .text.SystemInit
                0x08000d9c       0x1c Core/Src/system_stm32f4xx.o
                0x08000d9c                SystemInit
 .text.HAL_InitTick
                0x08000db8       0x48 Drivers/STM32F4xx_HAL_Driver/Src/stm32f4xx_hal.o
                0x08000db8                HAL_InitTick
 .text.HAL_Init
                0x08000e00       0x34 Drivers/STM32F4xx_HAL_Driver/Src/stm32f4xx_hal.o
                0x08000e00                HAL_Init
 .text.HAL_IncTick
                0x08000e34       0x18 Drivers/STM32F4xx_HAL_Driver/Src/stm32f4xx_hal.o
                0x08000e34                HAL_IncTick
 .text.HAL_GetTick
                0x08000e4c        0xc Drivers/STM32F4xx_HAL_Driver/Src/stm32f4xx_hal.o
                0x08000e4c                HAL_GetTick
 .text.HAL_Delay
                0x08000e58       0x28 Drivers/STM32F4xx_HAL_Driver/Src/stm32f4xx_hal.o
                0x08000e58                HAL_Delay
 .text.HAL_NVIC_SetPriorityGrouping
                0x08000e80       0x24 Drivers/STM32F4xx_HAL_Driver/Src/stm32f4xx_hal_cortex.o
                0x08000e80                HAL_NVIC_SetPriorityGrouping
 .text.HAL_NVIC_SetPriority
                0x08000ea4       0x68 Drivers/STM32F4xx_HAL_Driver/Src/stm32f4xx_hal_cortex.o
                0x08000ea4                HAL_NVIC_SetPriority
 .text.HAL_NVIC_EnableIRQ
                0x08000f0c       0x1c Drivers/STM32F4xx_HAL_Driver/Src/stm32f4xx_hal_cortex.o
                0x08000f0c                HAL_NVIC_EnableIRQ
 .text.HAL_SYSTICK_Config
                0x08000f28       0x2c Drivers/STM32F4xx_HAL_Driver/Src/stm32f4xx_hal_cortex.o
                0x08000f28                HAL_SYSTICK_Config
 .text.HAL_DMA_Abort_IT
                0x08000f54       0x26 Drivers/STM32F4xx_HAL_Driver/Src/stm32f4xx_hal_dma.o
                0x08000f54                HAL_DMA_Abort_IT
 *fill*         0x08000f7a        0x2 
 .text.HAL_GPIO_Init
                0x08000f7c      0x1c8 Drivers/STM32F4xx_HAL_Driver/Src/stm32f4xx_hal_gpio.o
                0x08000f7c                HAL_GPIO_Init
 .text.HAL_GPIO_WritePin
                0x08001144        0xc Drivers/STM32F4xx_HAL_Driver/Src/stm32f4xx_hal_gpio.o
                0x08001144                HAL_GPIO_WritePin
 .text.HAL_GPIO_TogglePin
                0x08001150       0x12 Drivers/STM32F4xx_HAL_Driver/Src/stm32f4xx_hal_gpio.o
                0x08001150                HAL_GPIO_TogglePin
 *fill*         0x08001162        0x2 
 .text.HCD_RXQLVL_IRQHandler
                0x08001164       0x7c Drivers/STM32F4xx_HAL_Driver/Src/stm32f4xx_hal_hcd.o
 .text.HCD_Port_IRQHandler
                0x080011e0       0xb0 Drivers/STM32F4xx_HAL_Driver/Src/stm32f4xx_hal_hcd.o
 .text.HCD_HC_IN_IRQHandler
                0x08001290      0x32c Drivers/STM32F4xx_HAL_Driver/Src/stm32f4xx_hal_hcd.o
 .text.HCD_HC_OUT_IRQHandler
                0x080015bc      0x2b4 Drivers/STM32F4xx_HAL_Driver/Src/stm32f4xx_hal_hcd.o
 .text.HAL_HCD_IRQHandler
                0x08001870      0x146 Drivers/STM32F4xx_HAL_Driver/Src/stm32f4xx_hal_hcd.o
                0x08001870                HAL_HCD_IRQHandler
 .text.HAL_HCD_Stop
                0x080019b6       0x24 Drivers/STM32F4xx_HAL_Driver/Src/stm32f4xx_hal_hcd.o
                0x080019b6                HAL_HCD_Stop
 *fill*         0x080019da        0x2 
 .text.HAL_RCC_OscConfig
                0x080019dc      0x3ec Drivers/STM32F4xx_HAL_Driver/Src/stm32f4xx_hal_rcc.o
                0x080019dc                HAL_RCC_OscConfig
 .text.HAL_RCC_GetSysClockFreq
                0x08001dc8       0xd8 Drivers/STM32F4xx_HAL_Driver/Src/stm32f4xx_hal_rcc.o
                0x08001dc8                HAL_RCC_GetSysClockFreq
 .text.HAL_RCC_ClockConfig
                0x08001ea0      0x160 Drivers/STM32F4xx_HAL_Driver/Src/stm32f4xx_hal_rcc.o
                0x08001ea0                HAL_RCC_ClockConfig
 .text.HAL_RCC_GetHCLKFreq
                0x08002000        0xc Drivers/STM32F4xx_HAL_Driver/Src/stm32f4xx_hal_rcc.o
                0x08002000                HAL_RCC_GetHCLKFreq
 .text.HAL_RCC_GetPCLK1Freq
                0x0800200c       0x20 Drivers/STM32F4xx_HAL_Driver/Src/stm32f4xx_hal_rcc.o
                0x0800200c                HAL_RCC_GetPCLK1Freq
 .text.HAL_RCC_GetPCLK2Freq
                0x0800202c       0x20 Drivers/STM32F4xx_HAL_Driver/Src/stm32f4xx_hal_rcc.o
                0x0800202c                HAL_RCC_GetPCLK2Freq
 .text.HAL_RCCEx_PeriphCLKConfig
                0x0800204c      0x154 Drivers/STM32F4xx_HAL_Driver/Src/stm32f4xx_hal_rcc_ex.o
                0x0800204c                HAL_RCCEx_PeriphCLKConfig
 .text.UART_EndRxTransfer
                0x080021a0       0x1c Drivers/STM32F4xx_HAL_Driver/Src/stm32f4xx_hal_uart.o
 .text.UART_Transmit_IT
                0x080021bc       0x68 Drivers/STM32F4xx_HAL_Driver/Src/stm32f4xx_hal_uart.o
 .text.UART_SetConfig
                0x08002224      0x218 Drivers/STM32F4xx_HAL_Driver/Src/stm32f4xx_hal_uart.o
 .text.UART_WaitOnFlagUntilTimeout
                0x0800243c       0x62 Drivers/STM32F4xx_HAL_Driver/Src/stm32f4xx_hal_uart.o
 .text.HAL_UART_Init
                0x0800249e       0x5e Drivers/STM32F4xx_HAL_Driver/Src/stm32f4xx_hal_uart.o
                0x0800249e                HAL_UART_Init
 .text.HAL_UART_Transmit
                0x080024fc       0xe2 Drivers/STM32F4xx_HAL_Driver/Src/stm32f4xx_hal_uart.o
                0x080024fc                HAL_UART_Transmit
 .text.HAL_UART_Receive_IT
                0x080025de       0x5c Drivers/STM32F4xx_HAL_Driver/Src/stm32f4xx_hal_uart.o
                0x080025de                HAL_UART_Receive_IT
 .text.HAL_UART_TxCpltCallback
                0x0800263a        0x2 Drivers/STM32F4xx_HAL_Driver/Src/stm32f4xx_hal_uart.o
                0x0800263a                HAL_UART_TxCpltCallback
 .text.UART_EndTransmit_IT
                0x0800263c       0x1a Drivers/STM32F4xx_HAL_Driver/Src/stm32f4xx_hal_uart.o
 .text.UART_Receive_IT
                0x08002656       0x9c Drivers/STM32F4xx_HAL_Driver/Src/stm32f4xx_hal_uart.o
 .text.HAL_UART_ErrorCallback
                0x080026f2        0x2 Drivers/STM32F4xx_HAL_Driver/Src/stm32f4xx_hal_uart.o
                0x080026f2                HAL_UART_ErrorCallback
 .text.HAL_UART_IRQHandler
                0x080026f4      0x128 Drivers/STM32F4xx_HAL_Driver/Src/stm32f4xx_hal_uart.o
                0x080026f4                HAL_UART_IRQHandler
 .text.UART_DMAAbortOnError
                0x0800281c       0x10 Drivers/STM32F4xx_HAL_Driver/Src/stm32f4xx_hal_uart.o
 .text.USB_EnableGlobalInt
                0x0800282c        0xc Drivers/STM32F4xx_HAL_Driver/Src/stm32f4xx_ll_usb.o
                0x0800282c                USB_EnableGlobalInt
 .text.USB_DisableGlobalInt
                0x08002838        0xc Drivers/STM32F4xx_HAL_Driver/Src/stm32f4xx_ll_usb.o
                0x08002838                USB_DisableGlobalInt
 .text.USB_FlushTxFifo
                0x08002844       0x28 Drivers/STM32F4xx_HAL_Driver/Src/stm32f4xx_ll_usb.o
                0x08002844                USB_FlushTxFifo
 .text.USB_FlushRxFifo
                0x0800286c       0x24 Drivers/STM32F4xx_HAL_Driver/Src/stm32f4xx_ll_usb.o
                0x0800286c                USB_FlushRxFifo
 .text.USB_ReadPacket
                0x08002890       0x28 Drivers/STM32F4xx_HAL_Driver/Src/stm32f4xx_ll_usb.o
                0x08002890                USB_ReadPacket
 .text.USB_ReadInterrupts
                0x080028b8        0x8 Drivers/STM32F4xx_HAL_Driver/Src/stm32f4xx_ll_usb.o
                0x080028b8                USB_ReadInterrupts
 .text.USB_GetMode
                0x080028c0        0x8 Drivers/STM32F4xx_HAL_Driver/Src/stm32f4xx_ll_usb.o
                0x080028c0                USB_GetMode
 .text.USB_InitFSLSPClkSel
                0x080028c8       0x40 Drivers/STM32F4xx_HAL_Driver/Src/stm32f4xx_ll_usb.o
                0x080028c8                USB_InitFSLSPClkSel
 .text.USB_HC_ReadInterrupt
                0x08002908        0xa Drivers/STM32F4xx_HAL_Driver/Src/stm32f4xx_ll_usb.o
                0x08002908                USB_HC_ReadInterrupt
 .text.USB_HC_Halt
                0x08002912       0xd0 Drivers/STM32F4xx_HAL_Driver/Src/stm32f4xx_ll_usb.o
                0x08002912                USB_HC_Halt
 .text.USB_StopHost
                0x080029e2       0x7e Drivers/STM32F4xx_HAL_Driver/Src/stm32f4xx_ll_usb.o
                0x080029e2                USB_StopHost
 .text.USBH_HandleSof
                0x08002a60       0x1a Middlewares/ST/STM32_USB_Host_Library/Core/Src/usbh_core.o
 .text.USBH_LL_IncTimer
                0x08002a7a       0x12 Middlewares/ST/STM32_USB_Host_Library/Core/Src/usbh_core.o
                0x08002a7a                USBH_LL_IncTimer
 .text.USBH_LL_PortEnabled
                0x08002a8c        0x8 Middlewares/ST/STM32_USB_Host_Library/Core/Src/usbh_core.o
                0x08002a8c                USBH_LL_PortEnabled
 .text.USBH_LL_PortDisabled
                0x08002a94        0x8 Middlewares/ST/STM32_USB_Host_Library/Core/Src/usbh_core.o
                0x08002a94                USBH_LL_PortDisabled
 .text.USBH_LL_Connect
                0x08002a9c       0x14 Middlewares/ST/STM32_USB_Host_Library/Core/Src/usbh_core.o
                0x08002a9c                USBH_LL_Connect
 .text.USBH_LL_Disconnect
                0x08002ab0       0x2c Middlewares/ST/STM32_USB_Host_Library/Core/Src/usbh_core.o
                0x08002ab0                USBH_LL_Disconnect
 .text.USBH_FreePipe
                0x08002adc       0x16 Middlewares/ST/STM32_USB_Host_Library/Core/Src/usbh_pipes.o
                0x08002adc                USBH_FreePipe
 .text.HAL_HCD_SOF_Callback
                0x08002af2        0xc USB_HOST/Target/usbh_conf.o
                0x08002af2                HAL_HCD_SOF_Callback
 .text.HAL_HCD_Connect_Callback
                0x08002afe        0xc USB_HOST/Target/usbh_conf.o
                0x08002afe                HAL_HCD_Connect_Callback
 .text.HAL_HCD_Disconnect_Callback
                0x08002b0a        0xc USB_HOST/Target/usbh_conf.o
                0x08002b0a                HAL_HCD_Disconnect_Callback
 .text.HAL_HCD_HC_NotifyURBChange_Callback
                0x08002b16        0x2 USB_HOST/Target/usbh_conf.o
                0x08002b16                HAL_HCD_HC_NotifyURBChange_Callback
 .text.HAL_HCD_PortEnabled_Callback
                0x08002b18        0xc USB_HOST/Target/usbh_conf.o
                0x08002b18                HAL_HCD_PortEnabled_Callback
 .text.HAL_HCD_PortDisabled_Callback
                0x08002b24        0xc USB_HOST/Target/usbh_conf.o
                0x08002b24                HAL_HCD_PortDisabled_Callback
 .text.USBH_Get_USB_Status
                0x08002b30       0x12 USB_HOST/Target/usbh_conf.o
                0x08002b30                USBH_Get_USB_Status
 .text.USBH_LL_Stop
                0x08002b42       0x10 USB_HOST/Target/usbh_conf.o
                0x08002b42                USBH_LL_Stop
 *fill*         0x08002b52        0x2 
 .text.Reset_Handler
                0x08002b54       0x50 startup/startup_stm32f407xx.o
                0x08002b54                Reset_Handler
 .text.Default_Handler
                0x08002ba4        0x2 startup/startup_stm32f407xx.o
                0x08002ba4                RTC_Alarm_IRQHandler
                0x08002ba4                HASH_RNG_IRQHandler
                0x08002ba4                EXTI2_IRQHandler
                0x08002ba4                TIM8_CC_IRQHandler
                0x08002ba4                TIM1_CC_IRQHandler
                0x08002ba4                DMA2_Stream5_IRQHandler
                0x08002ba4                DMA1_Stream5_IRQHandler
                0x08002ba4                PVD_IRQHandler
                0x08002ba4                SDIO_IRQHandler
                0x08002ba4                TAMP_STAMP_IRQHandler
                0x08002ba4                CAN2_RX1_IRQHandler
                0x08002ba4                EXTI3_IRQHandler
                0x08002ba4                TIM8_TRG_COM_TIM14_IRQHandler
                0x08002ba4                TIM1_UP_TIM10_IRQHandler
                0x08002ba4                TIM8_UP_TIM13_IRQHandler
                0x08002ba4                I2C3_ER_IRQHandler
                0x08002ba4                EXTI0_IRQHandler
                0x08002ba4                I2C2_EV_IRQHandler
                0x08002ba4                DMA1_Stream2_IRQHandler
                0x08002ba4                CAN1_RX0_IRQHandler
                0x08002ba4                FPU_IRQHandler
                0x08002ba4                OTG_HS_WKUP_IRQHandler
                0x08002ba4                CAN2_SCE_IRQHandler
                0x08002ba4                DMA2_Stream2_IRQHandler
                0x08002ba4                SPI1_IRQHandler
                0x08002ba4                TIM6_DAC_IRQHandler
                0x08002ba4                TIM1_BRK_TIM9_IRQHandler
                0x08002ba4                DCMI_IRQHandler
                0x08002ba4                CAN2_RX0_IRQHandler
                0x08002ba4                DMA2_Stream3_IRQHandler
                0x08002ba4                USART6_IRQHandler
                0x08002ba4                CAN1_RX1_IRQHandler
                0x08002ba4                UART5_IRQHandler
                0x08002ba4                DMA2_Stream0_IRQHandler
                0x08002ba4                TIM4_IRQHandler
                0x08002ba4                I2C1_EV_IRQHandler
                0x08002ba4                DMA1_Stream6_IRQHandler
                0x08002ba4                DMA1_Stream1_IRQHandler
                0x08002ba4                UART4_IRQHandler
                0x08002ba4                TIM3_IRQHandler
                0x08002ba4                RCC_IRQHandler
                0x08002ba4                TIM8_BRK_TIM12_IRQHandler
                0x08002ba4                Default_Handler
                0x08002ba4                EXTI15_10_IRQHandler
                0x08002ba4                ADC_IRQHandler
                0x08002ba4                DMA1_Stream7_IRQHandler
                0x08002ba4                TIM7_IRQHandler
                0x08002ba4                CAN2_TX_IRQHandler
                0x08002ba4                TIM5_IRQHandler
                0x08002ba4                DMA2_Stream7_IRQHandler
                0x08002ba4                I2C3_EV_IRQHandler
                0x08002ba4                EXTI9_5_IRQHandler
                0x08002ba4                RTC_WKUP_IRQHandler
                0x08002ba4                ETH_WKUP_IRQHandler
                0x08002ba4                SPI2_IRQHandler
                0x08002ba4                OTG_HS_EP1_IN_IRQHandler
                0x08002ba4                DMA1_Stream0_IRQHandler
                0x08002ba4                CAN1_TX_IRQHandler
                0x08002ba4                EXTI4_IRQHandler
                0x08002ba4                FSMC_IRQHandler
                0x08002ba4                ETH_IRQHandler
                0x08002ba4                OTG_HS_EP1_OUT_IRQHandler
                0x08002ba4                WWDG_IRQHandler
                0x08002ba4                TIM2_IRQHandler
                0x08002ba4                OTG_FS_WKUP_IRQHandler
                0x08002ba4                TIM1_TRG_COM_TIM11_IRQHandler
                0x08002ba4                OTG_HS_IRQHandler
                0x08002ba4                EXTI1_IRQHandler
                0x08002ba4                USART2_IRQHandler
                0x08002ba4                I2C2_ER_IRQHandler
                0x08002ba4                DMA2_Stream1_IRQHandler
                0x08002ba4                CAN1_SCE_IRQHandler
                0x08002ba4                FLASH_IRQHandler
                0x08002ba4                DMA2_Stream4_IRQHandler
                0x08002ba4                USART1_IRQHandler
                0x08002ba4                SPI3_IRQHandler
                0x08002ba4                DMA1_Stream4_IRQHandler
                0x08002ba4                I2C1_ER_IRQHandler
                0x08002ba4                DMA2_Stream6_IRQHandler
                0x08002ba4                DMA1_Stream3_IRQHandler
 *fill*         0x08002ba6        0x2 
 .text.calloc   0x08002ba8       0x10 c:/ac6/systemworkbench/plugins/fr.ac6.mcu.externaltools.arm-none.win32_1.17.0.201812190825/tools/compiler/bin/../lib/gcc/arm-none-eabi/7.3.1/../../../../arm-none-eabi/lib/thumb/v7e-m/fpv4-sp/hard\libc_nano.a(lib_a-calloc.o)
                0x08002ba8                calloc
 .text.__errno  0x08002bb8        0xc c:/ac6/systemworkbench/plugins/fr.ac6.mcu.externaltools.arm-none.win32_1.17.0.201812190825/tools/compiler/bin/../lib/gcc/arm-none-eabi/7.3.1/../../../../arm-none-eabi/lib/thumb/v7e-m/fpv4-sp/hard\libc_nano.a(lib_a-errno.o)
                0x08002bb8                __errno
 .text.__libc_init_array
                0x08002bc4       0x48 c:/ac6/systemworkbench/plugins/fr.ac6.mcu.externaltools.arm-none.win32_1.17.0.201812190825/tools/compiler/bin/../lib/gcc/arm-none-eabi/7.3.1/../../../../arm-none-eabi/lib/thumb/v7e-m/fpv4-sp/hard\libc_nano.a(lib_a-init.o)
                0x08002bc4                __libc_init_array
 .text.memset   0x08002c0c       0x10 c:/ac6/systemworkbench/plugins/fr.ac6.mcu.externaltools.arm-none.win32_1.17.0.201812190825/tools/compiler/bin/../lib/gcc/arm-none-eabi/7.3.1/../../../../arm-none-eabi/lib/thumb/v7e-m/fpv4-sp/hard\libc_nano.a(lib_a-memset.o)
                0x08002c0c                memset
 .text._calloc_r
                0x08002c1c       0x1c c:/ac6/systemworkbench/plugins/fr.ac6.mcu.externaltools.arm-none.win32_1.17.0.201812190825/tools/compiler/bin/../lib/gcc/arm-none-eabi/7.3.1/../../../../arm-none-eabi/lib/thumb/v7e-m/fpv4-sp/hard\libc_nano.a(lib_a-nano-callocr.o)
                0x08002c1c                _calloc_r
 .text._free_r  0x08002c38       0x9c c:/ac6/systemworkbench/plugins/fr.ac6.mcu.externaltools.arm-none.win32_1.17.0.201812190825/tools/compiler/bin/../lib/gcc/arm-none-eabi/7.3.1/../../../../arm-none-eabi/lib/thumb/v7e-m/fpv4-sp/hard\libc_nano.a(lib_a-nano-freer.o)
                0x08002c38                _free_r
 .text._malloc_r
                0x08002cd4       0xb4 c:/ac6/systemworkbench/plugins/fr.ac6.mcu.externaltools.arm-none.win32_1.17.0.201812190825/tools/compiler/bin/../lib/gcc/arm-none-eabi/7.3.1/../../../../arm-none-eabi/lib/thumb/v7e-m/fpv4-sp/hard\libc_nano.a(lib_a-nano-mallocr.o)
                0x08002cd4                _malloc_r
 .text.realloc  0x08002d88       0x10 c:/ac6/systemworkbench/plugins/fr.ac6.mcu.externaltools.arm-none.win32_1.17.0.201812190825/tools/compiler/bin/../lib/gcc/arm-none-eabi/7.3.1/../../../../arm-none-eabi/lib/thumb/v7e-m/fpv4-sp/hard\libc_nano.a(lib_a-realloc.o)
                0x08002d88                realloc
 .text._sbrk_r  0x08002d98       0x20 c:/ac6/systemworkbench/plugins/fr.ac6.mcu.externaltools.arm-none.win32_1.17.0.201812190825/tools/compiler/bin/../lib/gcc/arm-none-eabi/7.3.1/../../../../arm-none-eabi/lib/thumb/v7e-m/fpv4-sp/hard\libc_nano.a(lib_a-sbrkr.o)
                0x08002d98                _sbrk_r
 .text.__malloc_lock
                0x08002db8        0x2 c:/ac6/systemworkbench/plugins/fr.ac6.mcu.externaltools.arm-none.win32_1.17.0.201812190825/tools/compiler/bin/../lib/gcc/arm-none-eabi/7.3.1/../../../../arm-none-eabi/lib/thumb/v7e-m/fpv4-sp/hard\libc_nano.a(lib_a-mlock.o)
                0x08002db8                __malloc_lock
 .text.__malloc_unlock
                0x08002dba        0x2 c:/ac6/systemworkbench/plugins/fr.ac6.mcu.externaltools.arm-none.win32_1.17.0.201812190825/tools/compiler/bin/../lib/gcc/arm-none-eabi/7.3.1/../../../../arm-none-eabi/lib/thumb/v7e-m/fpv4-sp/hard\libc_nano.a(lib_a-mlock.o)
                0x08002dba                __malloc_unlock
 .text._realloc_r
                0x08002dbc       0x4c c:/ac6/systemworkbench/plugins/fr.ac6.mcu.externaltools.arm-none.win32_1.17.0.201812190825/tools/compiler/bin/../lib/gcc/arm-none-eabi/7.3.1/../../../../arm-none-eabi/lib/thumb/v7e-m/fpv4-sp/hard\libc_nano.a(lib_a-nano-reallocr.o)
                0x08002dbc                _realloc_r
 .text.memcpy   0x08002e08       0x16 c:/ac6/systemworkbench/plugins/fr.ac6.mcu.externaltools.arm-none.win32_1.17.0.201812190825/tools/compiler/bin/../lib/gcc/arm-none-eabi/7.3.1/../../../../arm-none-eabi/lib/thumb/v7e-m/fpv4-sp/hard\libc_nano.a(lib_a-memcpy-stub.o)
                0x08002e08                memcpy
 .text._malloc_usable_size_r
                0x08002e1e       0x10 c:/ac6/systemworkbench/plugins/fr.ac6.mcu.externaltools.arm-none.win32_1.17.0.201812190825/tools/compiler/bin/../lib/gcc/arm-none-eabi/7.3.1/../../../../arm-none-eabi/lib/thumb/v7e-m/fpv4-sp/hard\libc_nano.a(lib_a-nano-msizer.o)
                0x08002e1e                _malloc_usable_size_r
 *(.glue_7)
 .glue_7        0x08002e2e        0x0 linker stubs
 *(.glue_7t)
 .glue_7t       0x08002e2e        0x0 linker stubs
 *(.eh_frame)
 *fill*         0x08002e2e        0x2 
 .eh_frame      0x08002e30        0x0 c:/ac6/systemworkbench/plugins/fr.ac6.mcu.externaltools.arm-none.win32_1.17.0.201812190825/tools/compiler/bin/../lib/gcc/arm-none-eabi/7.3.1/thumb/v7e-m/fpv4-sp/hard/crtbegin.o
 *(.init)
 .init          0x08002e30        0x4 c:/ac6/systemworkbench/plugins/fr.ac6.mcu.externaltools.arm-none.win32_1.17.0.201812190825/tools/compiler/bin/../lib/gcc/arm-none-eabi/7.3.1/thumb/v7e-m/fpv4-sp/hard/crti.o
                0x08002e30                _init
 .init          0x08002e34        0x8 c:/ac6/systemworkbench/plugins/fr.ac6.mcu.externaltools.arm-none.win32_1.17.0.201812190825/tools/compiler/bin/../lib/gcc/arm-none-eabi/7.3.1/thumb/v7e-m/fpv4-sp/hard/crtn.o
 *(.fini)
 .fini          0x08002e3c        0x4 c:/ac6/systemworkbench/plugins/fr.ac6.mcu.externaltools.arm-none.win32_1.17.0.201812190825/tools/compiler/bin/../lib/gcc/arm-none-eabi/7.3.1/thumb/v7e-m/fpv4-sp/hard/crti.o
                0x08002e3c                _fini
 .fini          0x08002e40        0x8 c:/ac6/systemworkbench/plugins/fr.ac6.mcu.externaltools.arm-none.win32_1.17.0.201812190825/tools/compiler/bin/../lib/gcc/arm-none-eabi/7.3.1/thumb/v7e-m/fpv4-sp/hard/crtn.o
                0x08002e48                . = ALIGN (0x4)
                0x08002e48                _etext = .

.vfp11_veneer   0x08002e48        0x0
 .vfp11_veneer  0x08002e48        0x0 linker stubs

.v4_bx          0x08002e48        0x0
 .v4_bx         0x08002e48        0x0 linker stubs

.iplt           0x08002e48        0x0
 .iplt          0x08002e48        0x0 c:/ac6/systemworkbench/plugins/fr.ac6.mcu.externaltools.arm-none.win32_1.17.0.201812190825/tools/compiler/bin/../lib/gcc/arm-none-eabi/7.3.1/thumb/v7e-m/fpv4-sp/hard/crtbegin.o

.rodata         0x08002e48       0x98
                0x08002e48                . = ALIGN (0x4)
 *(.rodata)
 .rodata        0x08002e48       0x18 Core/Src/system_stm32f4xx.o
                0x08002e48                AHBPrescTable
                0x08002e58                APBPrescTable
 *(.rodata*)
 .rodata.str1.4
                0x08002e60       0x80 Core/Src/gsm.o
                                 0x83 (size before relaxing)
                0x08002ee0                . = ALIGN (0x4)

.ARM.extab
 *(.ARM.extab* .gnu.linkonce.armextab.*)

.ARM            0x08002ee0        0x8
                0x08002ee0                __exidx_start = .
 *(.ARM.exidx*)
 .ARM.exidx     0x08002ee0        0x8 c:/ac6/systemworkbench/plugins/fr.ac6.mcu.externaltools.arm-none.win32_1.17.0.201812190825/tools/compiler/bin/../lib/gcc/arm-none-eabi/7.3.1/thumb/v7e-m/fpv4-sp/hard\libgcc.a(_udivmoddi4.o)
                0x08002ee8                __exidx_end = .

.rel.dyn        0x08002ee8        0x0
 .rel.iplt      0x08002ee8        0x0 c:/ac6/systemworkbench/plugins/fr.ac6.mcu.externaltools.arm-none.win32_1.17.0.201812190825/tools/compiler/bin/../lib/gcc/arm-none-eabi/7.3.1/thumb/v7e-m/fpv4-sp/hard/crtbegin.o

.preinit_array  0x08002ee8        0x0
                0x08002ee8                PROVIDE (__preinit_array_start = .)
 *(.preinit_array*)
                0x08002ee8                PROVIDE (__preinit_array_end = .)

.init_array     0x08002ee8        0x4
                0x08002ee8                PROVIDE (__init_array_start = .)
 *(SORT_BY_NAME(.init_array.*))
 *(.init_array*)
 .init_array    0x08002ee8        0x4 c:/ac6/systemworkbench/plugins/fr.ac6.mcu.externaltools.arm-none.win32_1.17.0.201812190825/tools/compiler/bin/../lib/gcc/arm-none-eabi/7.3.1/thumb/v7e-m/fpv4-sp/hard/crtbegin.o
                0x08002eec                PROVIDE (__init_array_end = .)

.fini_array     0x08002eec        0x4
                [!provide]                PROVIDE (__fini_array_start = .)
 *(SORT_BY_NAME(.fini_array.*))
 *(.fini_array*)
 .fini_array    0x08002eec        0x4 c:/ac6/systemworkbench/plugins/fr.ac6.mcu.externaltools.arm-none.win32_1.17.0.201812190825/tools/compiler/bin/../lib/gcc/arm-none-eabi/7.3.1/thumb/v7e-m/fpv4-sp/hard/crtbegin.o
                [!provide]                PROVIDE (__fini_array_end = .)
                0x08002ef0                _sidata = LOADADDR (.data)

.data           0x20000000      0x738 load address 0x08002ef0
                0x20000000                . = ALIGN (0x4)
                0x20000000                _sdata = .
 *(.data)
 .data          0x20000000      0x6c8 Core/Src/gsm.o
                0x20000000                Send_SMS
                0x2000007c                GSM_IMEI
                0x200000f8                GSM_IMSI
                0x20000174                SIM_STATUS
                0x200001f0                Echo_OFF
                0x2000026c                DEL_ALL_MSG
                0x200002e8                Signal_strength
                0x20000364                List_UN_MSG
                0x200003e0                Read_SMS
                0x2000045c                Check_Storage
                0x200004d8                R_TIME
                0x20000554                SIM_Service_Provider
                0x200005d0                SIM_NO
                0x2000064c                Echo_ON
 .data          0x200006c8        0x4 Core/Src/system_stm32f4xx.o
                0x200006c8                SystemCoreClock
 .data          0x200006cc        0x8 Drivers/STM32F4xx_HAL_Driver/Src/stm32f4xx_hal.o
                0x200006cc                uwTickFreq
                0x200006d0                uwTickPrio
 *(.data*)
 .data._impure_ptr
                0x200006d4        0x4 c:/ac6/systemworkbench/plugins/fr.ac6.mcu.externaltools.arm-none.win32_1.17.0.201812190825/tools/compiler/bin/../lib/gcc/arm-none-eabi/7.3.1/../../../../arm-none-eabi/lib/thumb/v7e-m/fpv4-sp/hard\libc_nano.a(lib_a-impure.o)
                0x200006d4                _impure_ptr
 .data.impure_data
                0x200006d8       0x60 c:/ac6/systemworkbench/plugins/fr.ac6.mcu.externaltools.arm-none.win32_1.17.0.201812190825/tools/compiler/bin/../lib/gcc/arm-none-eabi/7.3.1/../../../../arm-none-eabi/lib/thumb/v7e-m/fpv4-sp/hard\libc_nano.a(lib_a-impure.o)
                0x20000738                . = ALIGN (0x4)
                0x20000738                _edata = .
                0x08003628                _siccmram = LOADADDR (.ccmram)

.igot.plt       0x20000738        0x0 load address 0x08003628
 .igot.plt      0x20000738        0x0 c:/ac6/systemworkbench/plugins/fr.ac6.mcu.externaltools.arm-none.win32_1.17.0.201812190825/tools/compiler/bin/../lib/gcc/arm-none-eabi/7.3.1/thumb/v7e-m/fpv4-sp/hard/crtbegin.o

.ccmram         0x10000000        0x0 load address 0x08003628
                0x10000000                . = ALIGN (0x4)
                0x10000000                _sccmram = .
 *(.ccmram)
 *(.ccmram*)
                0x10000000                . = ALIGN (0x4)
                0x10000000                _eccmram = .
                0x10000000                . = ALIGN (0x4)

.bss            0x20000738      0x9e4
                0x20000738                _sbss = .
                0x20000738                __bss_start__ = _sbss
 *(.bss)
 .bss           0x20000738       0x1c c:/ac6/systemworkbench/plugins/fr.ac6.mcu.externaltools.arm-none.win32_1.17.0.201812190825/tools/compiler/bin/../lib/gcc/arm-none-eabi/7.3.1/thumb/v7e-m/fpv4-sp/hard/crtbegin.o
 .bss           0x20000754        0x8 Core/Src/syscalls.o
                0x20000758                __env
 *(.bss*)
 .bss.__malloc_free_list
                0x2000075c        0x4 c:/ac6/systemworkbench/plugins/fr.ac6.mcu.externaltools.arm-none.win32_1.17.0.201812190825/tools/compiler/bin/../lib/gcc/arm-none-eabi/7.3.1/../../../../arm-none-eabi/lib/thumb/v7e-m/fpv4-sp/hard\libc_nano.a(lib_a-nano-mallocr.o)
                0x2000075c                __malloc_free_list
 .bss.__malloc_sbrk_start
                0x20000760        0x4 c:/ac6/systemworkbench/plugins/fr.ac6.mcu.externaltools.arm-none.win32_1.17.0.201812190825/tools/compiler/bin/../lib/gcc/arm-none-eabi/7.3.1/../../../../arm-none-eabi/lib/thumb/v7e-m/fpv4-sp/hard\libc_nano.a(lib_a-nano-mallocr.o)
                0x20000760                __malloc_sbrk_start
 *(COMMON)
 COMMON         0x20000764      0x667 Core/Src/gsm.o
                0x20000764                gsm_state
                0x20000768                gsm_main
                0x20000b70                SIM_INFO
                0x20000b90                rtc
                0x20000ba8                sms_main
 *fill*         0x20000dcb        0x1 
 COMMON         0x20000dcc       0x84 Core/Src/main.o
                0x20000dcc                huart3
                0x20000e0c                rx_buffer
                0x20000e10                huart2
 COMMON         0x20000e50        0x4 Drivers/STM32F4xx_HAL_Driver/Src/stm32f4xx_hal.o
                0x20000e50                uwTick
 COMMON         0x20000e54      0x2c4 USB_HOST/Target/usbh_conf.o
                0x20000e54                hhcd_USB_OTG_FS
 COMMON         0x20001118        0x4 c:/ac6/systemworkbench/plugins/fr.ac6.mcu.externaltools.arm-none.win32_1.17.0.201812190825/tools/compiler/bin/../lib/gcc/arm-none-eabi/7.3.1/../../../../arm-none-eabi/lib/thumb/v7e-m/fpv4-sp/hard\libc_nano.a(lib_a-reent.o)
                0x20001118                errno
                0x2000111c                . = ALIGN (0x4)
                0x2000111c                _ebss = .
                0x2000111c                __bss_end__ = _ebss

._user_heap_stack
                0x2000111c      0x604
                0x20001120                . = ALIGN (0x8)
 *fill*         0x2000111c        0x4 
                0x20001120                PROVIDE (end = .)
                [!provide]                PROVIDE (_end = .)
                0x20001320                . = (. + _Min_Heap_Size)
 *fill*         0x20001120      0x200 
                0x20001720                . = (. + _Min_Stack_Size)
 *fill*         0x20001320      0x400 
                0x20001720                . = ALIGN (0x8)

/DISCARD/
 libc.a(*)
 libm.a(*)
 libgcc.a(*)

.ARM.attributes
                0x00000000       0x30
 *(.ARM.attributes)
 .ARM.attributes
                0x00000000       0x22 c:/ac6/systemworkbench/plugins/fr.ac6.mcu.externaltools.arm-none.win32_1.17.0.201812190825/tools/compiler/bin/../lib/gcc/arm-none-eabi/7.3.1/thumb/v7e-m/fpv4-sp/hard/crti.o
 .ARM.attributes
                0x00000022       0x34 c:/ac6/systemworkbench/plugins/fr.ac6.mcu.externaltools.arm-none.win32_1.17.0.201812190825/tools/compiler/bin/../lib/gcc/arm-none-eabi/7.3.1/thumb/v7e-m/fpv4-sp/hard/crtbegin.o
 .ARM.attributes
                0x00000056       0x39 Core/Src/gsm.o
 .ARM.attributes
                0x0000008f       0x39 Core/Src/main.o
 .ARM.attributes
                0x000000c8       0x39 Core/Src/stm32f4xx_hal_msp.o
 .ARM.attributes
                0x00000101       0x39 Core/Src/stm32f4xx_it.o
 .ARM.attributes
                0x0000013a       0x39 Core/Src/syscalls.o
 .ARM.attributes
                0x00000173       0x39 Core/Src/system_stm32f4xx.o
 .ARM.attributes
                0x000001ac       0x39 Drivers/STM32F4xx_HAL_Driver/Src/stm32f4xx_hal.o
 .ARM.attributes
                0x000001e5       0x39 Drivers/STM32F4xx_HAL_Driver/Src/stm32f4xx_hal_cortex.o
 .ARM.attributes
                0x0000021e       0x39 Drivers/STM32F4xx_HAL_Driver/Src/stm32f4xx_hal_dma.o
 .ARM.attributes
                0x00000257       0x39 Drivers/STM32F4xx_HAL_Driver/Src/stm32f4xx_hal_gpio.o
 .ARM.attributes
                0x00000290       0x39 Drivers/STM32F4xx_HAL_Driver/Src/stm32f4xx_hal_hcd.o
 .ARM.attributes
                0x000002c9       0x39 Drivers/STM32F4xx_HAL_Driver/Src/stm32f4xx_hal_rcc.o
 .ARM.attributes
                0x00000302       0x39 Drivers/STM32F4xx_HAL_Driver/Src/stm32f4xx_hal_rcc_ex.o
 .ARM.attributes
                0x0000033b       0x39 Drivers/STM32F4xx_HAL_Driver/Src/stm32f4xx_hal_uart.o
 .ARM.attributes
                0x00000374       0x39 Drivers/STM32F4xx_HAL_Driver/Src/stm32f4xx_ll_usb.o
 .ARM.attributes
                0x000003ad       0x39 Middlewares/ST/STM32_USB_Host_Library/Core/Src/usbh_core.o
 .ARM.attributes
                0x000003e6       0x39 Middlewares/ST/STM32_USB_Host_Library/Core/Src/usbh_pipes.o
 .ARM.attributes
                0x0000041f       0x39 USB_HOST/Target/usbh_conf.o
 .ARM.attributes
                0x00000458       0x21 startup/startup_stm32f407xx.o
 .ARM.attributes
                0x00000479       0x22 c:/ac6/systemworkbench/plugins/fr.ac6.mcu.externaltools.arm-none.win32_1.17.0.201812190825/tools/compiler/bin/../lib/gcc/arm-none-eabi/7.3.1/thumb/v7e-m/fpv4-sp/hard\libgcc.a(_aeabi_uldivmod.o)
 .ARM.attributes
                0x0000049b       0x34 c:/ac6/systemworkbench/plugins/fr.ac6.mcu.externaltools.arm-none.win32_1.17.0.201812190825/tools/compiler/bin/../lib/gcc/arm-none-eabi/7.3.1/thumb/v7e-m/fpv4-sp/hard\libgcc.a(_udivmoddi4.o)
 .ARM.attributes
                0x000004cf       0x22 c:/ac6/systemworkbench/plugins/fr.ac6.mcu.externaltools.arm-none.win32_1.17.0.201812190825/tools/compiler/bin/../lib/gcc/arm-none-eabi/7.3.1/thumb/v7e-m/fpv4-sp/hard\libgcc.a(_dvmd_tls.o)
 .ARM.attributes
                0x000004f1       0x34 c:/ac6/systemworkbench/plugins/fr.ac6.mcu.externaltools.arm-none.win32_1.17.0.201812190825/tools/compiler/bin/../lib/gcc/arm-none-eabi/7.3.1/../../../../arm-none-eabi/lib/thumb/v7e-m/fpv4-sp/hard\libc_nano.a(lib_a-calloc.o)
 .ARM.attributes
                0x00000525       0x34 c:/ac6/systemworkbench/plugins/fr.ac6.mcu.externaltools.arm-none.win32_1.17.0.201812190825/tools/compiler/bin/../lib/gcc/arm-none-eabi/7.3.1/../../../../arm-none-eabi/lib/thumb/v7e-m/fpv4-sp/hard\libc_nano.a(lib_a-errno.o)
 .ARM.attributes
                0x00000559       0x34 c:/ac6/systemworkbench/plugins/fr.ac6.mcu.externaltools.arm-none.win32_1.17.0.201812190825/tools/compiler/bin/../lib/gcc/arm-none-eabi/7.3.1/../../../../arm-none-eabi/lib/thumb/v7e-m/fpv4-sp/hard\libc_nano.a(lib_a-impure.o)
 .ARM.attributes
                0x0000058d       0x34 c:/ac6/systemworkbench/plugins/fr.ac6.mcu.externaltools.arm-none.win32_1.17.0.201812190825/tools/compiler/bin/../lib/gcc/arm-none-eabi/7.3.1/../../../../arm-none-eabi/lib/thumb/v7e-m/fpv4-sp/hard\libc_nano.a(lib_a-init.o)
 .ARM.attributes
                0x000005c1       0x34 c:/ac6/systemworkbench/plugins/fr.ac6.mcu.externaltools.arm-none.win32_1.17.0.201812190825/tools/compiler/bin/../lib/gcc/arm-none-eabi/7.3.1/../../../../arm-none-eabi/lib/thumb/v7e-m/fpv4-sp/hard\libc_nano.a(lib_a-memset.o)
 .ARM.attributes
                0x000005f5       0x34 c:/ac6/systemworkbench/plugins/fr.ac6.mcu.externaltools.arm-none.win32_1.17.0.201812190825/tools/compiler/bin/../lib/gcc/arm-none-eabi/7.3.1/../../../../arm-none-eabi/lib/thumb/v7e-m/fpv4-sp/hard\libc_nano.a(lib_a-nano-callocr.o)
 .ARM.attributes
                0x00000629       0x34 c:/ac6/systemworkbench/plugins/fr.ac6.mcu.externaltools.arm-none.win32_1.17.0.201812190825/tools/compiler/bin/../lib/gcc/arm-none-eabi/7.3.1/../../../../arm-none-eabi/lib/thumb/v7e-m/fpv4-sp/hard\libc_nano.a(lib_a-nano-freer.o)
 .ARM.attributes
                0x0000065d       0x34 c:/ac6/systemworkbench/plugins/fr.ac6.mcu.externaltools.arm-none.win32_1.17.0.201812190825/tools/compiler/bin/../lib/gcc/arm-none-eabi/7.3.1/../../../../arm-none-eabi/lib/thumb/v7e-m/fpv4-sp/hard\libc_nano.a(lib_a-nano-mallocr.o)
 .ARM.attributes
                0x00000691       0x34 c:/ac6/systemworkbench/plugins/fr.ac6.mcu.externaltools.arm-none.win32_1.17.0.201812190825/tools/compiler/bin/../lib/gcc/arm-none-eabi/7.3.1/../../../../arm-none-eabi/lib/thumb/v7e-m/fpv4-sp/hard\libc_nano.a(lib_a-realloc.o)
 .ARM.attributes
                0x000006c5       0x34 c:/ac6/systemworkbench/plugins/fr.ac6.mcu.externaltools.arm-none.win32_1.17.0.201812190825/tools/compiler/bin/../lib/gcc/arm-none-eabi/7.3.1/../../../../arm-none-eabi/lib/thumb/v7e-m/fpv4-sp/hard\libc_nano.a(lib_a-sbrkr.o)
 .ARM.attributes
                0x000006f9       0x34 c:/ac6/systemworkbench/plugins/fr.ac6.mcu.externaltools.arm-none.win32_1.17.0.201812190825/tools/compiler/bin/../lib/gcc/arm-none-eabi/7.3.1/../../../../arm-none-eabi/lib/thumb/v7e-m/fpv4-sp/hard\libc_nano.a(lib_a-mlock.o)
 .ARM.attributes
                0x0000072d       0x34 c:/ac6/systemworkbench/plugins/fr.ac6.mcu.externaltools.arm-none.win32_1.17.0.201812190825/tools/compiler/bin/../lib/gcc/arm-none-eabi/7.3.1/../../../../arm-none-eabi/lib/thumb/v7e-m/fpv4-sp/hard\libc_nano.a(lib_a-nano-reallocr.o)
 .ARM.attributes
                0x00000761       0x34 c:/ac6/systemworkbench/plugins/fr.ac6.mcu.externaltools.arm-none.win32_1.17.0.201812190825/tools/compiler/bin/../lib/gcc/arm-none-eabi/7.3.1/../../../../arm-none-eabi/lib/thumb/v7e-m/fpv4-sp/hard\libc_nano.a(lib_a-reent.o)
 .ARM.attributes
                0x00000795       0x34 c:/ac6/systemworkbench/plugins/fr.ac6.mcu.externaltools.arm-none.win32_1.17.0.201812190825/tools/compiler/bin/../lib/gcc/arm-none-eabi/7.3.1/../../../../arm-none-eabi/lib/thumb/v7e-m/fpv4-sp/hard\libc_nano.a(lib_a-memcpy-stub.o)
 .ARM.attributes
                0x000007c9       0x34 c:/ac6/systemworkbench/plugins/fr.ac6.mcu.externaltools.arm-none.win32_1.17.0.201812190825/tools/compiler/bin/../lib/gcc/arm-none-eabi/7.3.1/../../../../arm-none-eabi/lib/thumb/v7e-m/fpv4-sp/hard\libc_nano.a(lib_a-nano-msizer.o)
 .ARM.attributes
                0x000007fd       0x22 c:/ac6/systemworkbench/plugins/fr.ac6.mcu.externaltools.arm-none.win32_1.17.0.201812190825/tools/compiler/bin/../lib/gcc/arm-none-eabi/7.3.1/thumb/v7e-m/fpv4-sp/hard/crtn.o
OUTPUT(UART2_3_Interface.elf elf32-littlearm)

.debug_info     0x00000000    0x150a2
 .debug_info    0x00000000     0x150c Core/Src/gsm.o
 .debug_info    0x0000150c     0x115d Core/Src/main.o
 .debug_info    0x00002669     0x1923 Core/Src/stm32f4xx_hal_msp.o
 .debug_info    0x00003f8c      0xe52 Core/Src/stm32f4xx_it.o
 .debug_info    0x00004dde      0xfd3 Core/Src/syscalls.o
 .debug_info    0x00005db1      0x559 Core/Src/system_stm32f4xx.o
 .debug_info    0x0000630a      0x9f1 Drivers/STM32F4xx_HAL_Driver/Src/stm32f4xx_hal.o
 .debug_info    0x00006cfb      0xf8c Drivers/STM32F4xx_HAL_Driver/Src/stm32f4xx_hal_cortex.o
 .debug_info    0x00007c87      0xaad Drivers/STM32F4xx_HAL_Driver/Src/stm32f4xx_hal_dma.o
 .debug_info    0x00008734      0x7c2 Drivers/STM32F4xx_HAL_Driver/Src/stm32f4xx_hal_gpio.o
 .debug_info    0x00008ef6     0x130a Drivers/STM32F4xx_HAL_Driver/Src/stm32f4xx_hal_hcd.o
 .debug_info    0x0000a200      0xa94 Drivers/STM32F4xx_HAL_Driver/Src/stm32f4xx_hal_rcc.o
 .debug_info    0x0000ac94      0x6b5 Drivers/STM32F4xx_HAL_Driver/Src/stm32f4xx_hal_rcc_ex.o
 .debug_info    0x0000b349     0x171d Drivers/STM32F4xx_HAL_Driver/Src/stm32f4xx_hal_uart.o
 .debug_info    0x0000ca66     0x1b51 Drivers/STM32F4xx_HAL_Driver/Src/stm32f4xx_ll_usb.o
 .debug_info    0x0000e5b7     0x23b0 Middlewares/ST/STM32_USB_Host_Library/Core/Src/usbh_core.o
 .debug_info    0x00010967     0x1aad Middlewares/ST/STM32_USB_Host_Library/Core/Src/usbh_pipes.o
 .debug_info    0x00012414     0x2c6c USB_HOST/Target/usbh_conf.o
 .debug_info    0x00015080       0x22 startup/startup_stm32f407xx.o

.debug_abbrev   0x00000000     0x2e7d
 .debug_abbrev  0x00000000      0x377 Core/Src/gsm.o
 .debug_abbrev  0x00000377      0x2a9 Core/Src/main.o
 .debug_abbrev  0x00000620      0x24a Core/Src/stm32f4xx_hal_msp.o
 .debug_abbrev  0x0000086a      0x232 Core/Src/stm32f4xx_it.o
 .debug_abbrev  0x00000a9c      0x2d4 Core/Src/syscalls.o
 .debug_abbrev  0x00000d70      0x12b Core/Src/system_stm32f4xx.o
 .debug_abbrev  0x00000e9b      0x1ed Drivers/STM32F4xx_HAL_Driver/Src/stm32f4xx_hal.o
 .debug_abbrev  0x00001088      0x328 Drivers/STM32F4xx_HAL_Driver/Src/stm32f4xx_hal_cortex.o
 .debug_abbrev  0x000013b0      0x290 Drivers/STM32F4xx_HAL_Driver/Src/stm32f4xx_hal_dma.o
 .debug_abbrev  0x00001640      0x1e7 Drivers/STM32F4xx_HAL_Driver/Src/stm32f4xx_hal_gpio.o
 .debug_abbrev  0x00001827      0x27f Drivers/STM32F4xx_HAL_Driver/Src/stm32f4xx_hal_hcd.o
 .debug_abbrev  0x00001aa6      0x273 Drivers/STM32F4xx_HAL_Driver/Src/stm32f4xx_hal_rcc.o
 .debug_abbrev  0x00001d19      0x179 Drivers/STM32F4xx_HAL_Driver/Src/stm32f4xx_hal_rcc_ex.o
 .debug_abbrev  0x00001e92      0x288 Drivers/STM32F4xx_HAL_Driver/Src/stm32f4xx_hal_uart.o
 .debug_abbrev  0x0000211a      0x2a8 Drivers/STM32F4xx_HAL_Driver/Src/stm32f4xx_ll_usb.o
 .debug_abbrev  0x000023c2      0x3d1 Middlewares/ST/STM32_USB_Host_Library/Core/Src/usbh_core.o
 .debug_abbrev  0x00002793      0x31b Middlewares/ST/STM32_USB_Host_Library/Core/Src/usbh_pipes.o
 .debug_abbrev  0x00002aae      0x3bd USB_HOST/Target/usbh_conf.o
 .debug_abbrev  0x00002e6b       0x12 startup/startup_stm32f407xx.o

.debug_loc      0x00000000     0x7c60
 .debug_loc     0x00000000      0x550 Core/Src/gsm.o
 .debug_loc     0x00000550      0x1e9 Core/Src/stm32f4xx_hal_msp.o
 .debug_loc     0x00000739       0x3a Core/Src/stm32f4xx_it.o
 .debug_loc     0x00000773      0x3af Core/Src/syscalls.o
 .debug_loc     0x00000b22      0x13e Core/Src/system_stm32f4xx.o
 .debug_loc     0x00000c60      0x11b Drivers/STM32F4xx_HAL_Driver/Src/stm32f4xx_hal.o
 .debug_loc     0x00000d7b      0x5ce Drivers/STM32F4xx_HAL_Driver/Src/stm32f4xx_hal_cortex.o
 .debug_loc     0x00001349      0xb4e Drivers/STM32F4xx_HAL_Driver/Src/stm32f4xx_hal_dma.o
 .debug_loc     0x00001e97      0x476 Drivers/STM32F4xx_HAL_Driver/Src/stm32f4xx_hal_gpio.o
 .debug_loc     0x0000230d      0xbf9 Drivers/STM32F4xx_HAL_Driver/Src/stm32f4xx_hal_hcd.o
 .debug_loc     0x00002f06      0x40f Drivers/STM32F4xx_HAL_Driver/Src/stm32f4xx_hal_rcc.o
 .debug_loc     0x00003315      0x2c7 Drivers/STM32F4xx_HAL_Driver/Src/stm32f4xx_hal_rcc_ex.o
 .debug_loc     0x000035dc     0x1599 Drivers/STM32F4xx_HAL_Driver/Src/stm32f4xx_hal_uart.o
 .debug_loc     0x00004b75     0x1eca Drivers/STM32F4xx_HAL_Driver/Src/stm32f4xx_ll_usb.o
 .debug_loc     0x00006a3f      0x84c Middlewares/ST/STM32_USB_Host_Library/Core/Src/usbh_core.o
 .debug_loc     0x0000728b      0x1be Middlewares/ST/STM32_USB_Host_Library/Core/Src/usbh_pipes.o
 .debug_loc     0x00007449      0x817 USB_HOST/Target/usbh_conf.o

.debug_aranges  0x00000000      0xc30
 .debug_aranges
                0x00000000       0x90 Core/Src/gsm.o
 .debug_aranges
                0x00000090       0x40 Core/Src/main.o
 .debug_aranges
                0x000000d0       0x60 Core/Src/stm32f4xx_hal_msp.o
 .debug_aranges
                0x00000130       0x78 Core/Src/stm32f4xx_it.o
 .debug_aranges
                0x000001a8       0xb0 Core/Src/syscalls.o
 .debug_aranges
                0x00000258       0x28 Core/Src/system_stm32f4xx.o
 .debug_aranges
                0x00000280       0xf0 Drivers/STM32F4xx_HAL_Driver/Src/stm32f4xx_hal.o
 .debug_aranges
                0x00000370       0xa8 Drivers/STM32F4xx_HAL_Driver/Src/stm32f4xx_hal_cortex.o
 .debug_aranges
                0x00000418       0x90 Drivers/STM32F4xx_HAL_Driver/Src/stm32f4xx_hal_dma.o
 .debug_aranges
                0x000004a8       0x58 Drivers/STM32F4xx_HAL_Driver/Src/stm32f4xx_hal_gpio.o
 .debug_aranges
                0x00000500       0xf8 Drivers/STM32F4xx_HAL_Driver/Src/stm32f4xx_hal_hcd.o
 .debug_aranges
                0x000005f8       0x88 Drivers/STM32F4xx_HAL_Driver/Src/stm32f4xx_hal_rcc.o
 .debug_aranges
                0x00000680       0x48 Drivers/STM32F4xx_HAL_Driver/Src/stm32f4xx_hal_rcc_ex.o
 .debug_aranges
                0x000006c8      0x1d0 Drivers/STM32F4xx_HAL_Driver/Src/stm32f4xx_hal_uart.o
 .debug_aranges
                0x00000898      0x198 Drivers/STM32F4xx_HAL_Driver/Src/stm32f4xx_ll_usb.o
 .debug_aranges
                0x00000a30       0xc0 Middlewares/ST/STM32_USB_Host_Library/Core/Src/usbh_core.o
 .debug_aranges
                0x00000af0       0x40 Middlewares/ST/STM32_USB_Host_Library/Core/Src/usbh_pipes.o
 .debug_aranges
                0x00000b30       0xd8 USB_HOST/Target/usbh_conf.o
 .debug_aranges
                0x00000c08       0x28 startup/startup_stm32f407xx.o

.debug_ranges   0x00000000      0xb80
 .debug_ranges  0x00000000       0x80 Core/Src/gsm.o
 .debug_ranges  0x00000080       0x30 Core/Src/main.o
 .debug_ranges  0x000000b0       0x50 Core/Src/stm32f4xx_hal_msp.o
 .debug_ranges  0x00000100       0x68 Core/Src/stm32f4xx_it.o
 .debug_ranges  0x00000168       0xa0 Core/Src/syscalls.o
 .debug_ranges  0x00000208       0x18 Core/Src/system_stm32f4xx.o
 .debug_ranges  0x00000220       0xe0 Drivers/STM32F4xx_HAL_Driver/Src/stm32f4xx_hal.o
 .debug_ranges  0x00000300       0xf8 Drivers/STM32F4xx_HAL_Driver/Src/stm32f4xx_hal_cortex.o
 .debug_ranges  0x000003f8       0x80 Drivers/STM32F4xx_HAL_Driver/Src/stm32f4xx_hal_dma.o
 .debug_ranges  0x00000478       0x48 Drivers/STM32F4xx_HAL_Driver/Src/stm32f4xx_hal_gpio.o
 .debug_ranges  0x000004c0       0xe8 Drivers/STM32F4xx_HAL_Driver/Src/stm32f4xx_hal_hcd.o
 .debug_ranges  0x000005a8       0x90 Drivers/STM32F4xx_HAL_Driver/Src/stm32f4xx_hal_rcc.o
 .debug_ranges  0x00000638       0x38 Drivers/STM32F4xx_HAL_Driver/Src/stm32f4xx_hal_rcc_ex.o
 .debug_ranges  0x00000670      0x1c0 Drivers/STM32F4xx_HAL_Driver/Src/stm32f4xx_hal_uart.o
 .debug_ranges  0x00000830      0x188 Drivers/STM32F4xx_HAL_Driver/Src/stm32f4xx_ll_usb.o
 .debug_ranges  0x000009b8       0xb0 Middlewares/ST/STM32_USB_Host_Library/Core/Src/usbh_core.o
 .debug_ranges  0x00000a68       0x30 Middlewares/ST/STM32_USB_Host_Library/Core/Src/usbh_pipes.o
 .debug_ranges  0x00000a98       0xc8 USB_HOST/Target/usbh_conf.o
 .debug_ranges  0x00000b60       0x20 startup/startup_stm32f407xx.o

.debug_macro    0x00000000    0x22a6e
 .debug_macro   0x00000000      0x234 Core/Src/gsm.o
 .debug_macro   0x00000234      0xa54 Core/Src/gsm.o
 .debug_macro   0x00000c88      0x2a6 Core/Src/gsm.o
 .debug_macro   0x00000f2e       0x2e Core/Src/gsm.o
 .debug_macro   0x00000f5c       0x2f Core/Src/gsm.o
 .debug_macro   0x00000f8b       0x22 Core/Src/gsm.o
 .debug_macro   0x00000fad       0x8e Core/Src/gsm.o
 .debug_macro   0x0000103b       0x51 Core/Src/gsm.o
 .debug_macro   0x0000108c       0xef Core/Src/gsm.o
 .debug_macro   0x0000117b       0x6a Core/Src/gsm.o
 .debug_macro   0x000011e5      0x1df Core/Src/gsm.o
 .debug_macro   0x000013c4       0x1c Core/Src/gsm.o
 .debug_macro   0x000013e0       0x22 Core/Src/gsm.o
 .debug_macro   0x00001402       0xdf Core/Src/gsm.o
 .debug_macro   0x000014e1     0x102d Core/Src/gsm.o
 .debug_macro   0x0000250e      0x11f Core/Src/gsm.o
 .debug_macro   0x0000262d    0x15e3c Core/Src/gsm.o
 .debug_macro   0x00018469       0x43 Core/Src/gsm.o
 .debug_macro   0x000184ac     0x3659 Core/Src/gsm.o
 .debug_macro   0x0001bb05      0x174 Core/Src/gsm.o
 .debug_macro   0x0001bc79       0x5a Core/Src/gsm.o
 .debug_macro   0x0001bcd3      0x96b Core/Src/gsm.o
 .debug_macro   0x0001c63e      0x9fe Core/Src/gsm.o
 .debug_macro   0x0001d03c      0x117 Core/Src/gsm.o
 .debug_macro   0x0001d153      0x13e Core/Src/gsm.o
 .debug_macro   0x0001d291       0x27 Core/Src/gsm.o
 .debug_macro   0x0001d2b8      0x174 Core/Src/gsm.o
 .debug_macro   0x0001d42c      0x287 Core/Src/gsm.o
 .debug_macro   0x0001d6b3       0x5f Core/Src/gsm.o
 .debug_macro   0x0001d712      0x236 Core/Src/gsm.o
 .debug_macro   0x0001d948      0x12c Core/Src/gsm.o
 .debug_macro   0x0001da74      0x21e Core/Src/gsm.o
 .debug_macro   0x0001dc92       0x2e Core/Src/gsm.o
 .debug_macro   0x0001dcc0      0x1b5 Core/Src/gsm.o
 .debug_macro   0x0001de75       0xd6 Core/Src/gsm.o
 .debug_macro   0x0001df4b      0x1a7 Core/Src/gsm.o
 .debug_macro   0x0001e0f2       0x46 Core/Src/gsm.o
 .debug_macro   0x0001e138       0x4a Core/Src/gsm.o
 .debug_macro   0x0001e182      0x11a Core/Src/gsm.o
 .debug_macro   0x0001e29c       0x7e Core/Src/gsm.o
 .debug_macro   0x0001e31a       0x89 Core/Src/gsm.o
 .debug_macro   0x0001e3a3      0x225 Core/Src/gsm.o
 .debug_macro   0x0001e5c8      0x287 Core/Src/gsm.o
 .debug_macro   0x0001e84f      0x21e Core/Src/gsm.o
 .debug_macro   0x0001ea6d       0x68 Core/Src/gsm.o
 .debug_macro   0x0001ead5      0x12d Core/Src/gsm.o
 .debug_macro   0x0001ec02       0x10 Core/Src/gsm.o
 .debug_macro   0x0001ec12      0x194 Core/Src/gsm.o
 .debug_macro   0x0001eda6      0x236 Core/Src/main.o
 .debug_macro   0x0001efdc      0x22c Core/Src/stm32f4xx_hal_msp.o
 .debug_macro   0x0001f208      0x236 Core/Src/stm32f4xx_it.o
 .debug_macro   0x0001f43e      0x243 Core/Src/syscalls.o
 .debug_macro   0x0001f681       0x58 Core/Src/syscalls.o
 .debug_macro   0x0001f6d9       0x18 Core/Src/syscalls.o
 .debug_macro   0x0001f6f1       0x94 Core/Src/syscalls.o
 .debug_macro   0x0001f785       0x35 Core/Src/syscalls.o
 .debug_macro   0x0001f7ba       0x34 Core/Src/syscalls.o
 .debug_macro   0x0001f7ee       0x57 Core/Src/syscalls.o
 .debug_macro   0x0001f845      0x330 Core/Src/syscalls.o
 .debug_macro   0x0001fb75       0x58 Core/Src/syscalls.o
 .debug_macro   0x0001fbcd       0x1f Core/Src/syscalls.o
 .debug_macro   0x0001fbec       0x43 Core/Src/syscalls.o
 .debug_macro   0x0001fc2f       0x20 Core/Src/syscalls.o
 .debug_macro   0x0001fc4f      0x18e Core/Src/syscalls.o
 .debug_macro   0x0001fddd       0x10 Core/Src/syscalls.o
 .debug_macro   0x0001fded       0x35 Core/Src/syscalls.o
 .debug_macro   0x0001fe22       0x10 Core/Src/syscalls.o
 .debug_macro   0x0001fe32       0x10 Core/Src/syscalls.o
 .debug_macro   0x0001fe42       0x10 Core/Src/syscalls.o
 .debug_macro   0x0001fe52       0x1c Core/Src/syscalls.o
 .debug_macro   0x0001fe6e       0x52 Core/Src/syscalls.o
 .debug_macro   0x0001fec0       0x40 Core/Src/syscalls.o
 .debug_macro   0x0001ff00       0x10 Core/Src/syscalls.o
 .debug_macro   0x0001ff10       0x40 Core/Src/syscalls.o
 .debug_macro   0x0001ff50       0xd7 Core/Src/syscalls.o
 .debug_macro   0x00020027       0x1c Core/Src/syscalls.o
 .debug_macro   0x00020043       0x3d Core/Src/syscalls.o
 .debug_macro   0x00020080       0x35 Core/Src/syscalls.o
 .debug_macro   0x000200b5      0x122 Core/Src/syscalls.o
 .debug_macro   0x000201d7       0x16 Core/Src/syscalls.o
 .debug_macro   0x000201ed       0x16 Core/Src/syscalls.o
 .debug_macro   0x00020203       0x29 Core/Src/syscalls.o
 .debug_macro   0x0002022c       0x10 Core/Src/syscalls.o
 .debug_macro   0x0002023c      0x241 Core/Src/syscalls.o
 .debug_macro   0x0002047d       0x1c Core/Src/syscalls.o
 .debug_macro   0x00020499       0x10 Core/Src/syscalls.o
 .debug_macro   0x000204a9       0x10 Core/Src/syscalls.o
 .debug_macro   0x000204b9       0x16 Core/Src/syscalls.o
 .debug_macro   0x000204cf      0x16f Core/Src/syscalls.o
 .debug_macro   0x0002063e      0x189 Core/Src/syscalls.o
 .debug_macro   0x000207c7       0x16 Core/Src/syscalls.o
 .debug_macro   0x000207dd       0x88 Core/Src/syscalls.o
 .debug_macro   0x00020865      0x216 Core/Src/system_stm32f4xx.o
 .debug_macro   0x00020a7b      0x270 Drivers/STM32F4xx_HAL_Driver/Src/stm32f4xx_hal.o
 .debug_macro   0x00020ceb      0x210 Drivers/STM32F4xx_HAL_Driver/Src/stm32f4xx_hal_cortex.o
 .debug_macro   0x00020efb      0x216 Drivers/STM32F4xx_HAL_Driver/Src/stm32f4xx_hal_dma.o
 .debug_macro   0x00021111      0x246 Drivers/STM32F4xx_HAL_Driver/Src/stm32f4xx_hal_gpio.o
 .debug_macro   0x00021357      0x210 Drivers/STM32F4xx_HAL_Driver/Src/stm32f4xx_hal_hcd.o
 .debug_macro   0x00021567      0x234 Drivers/STM32F4xx_HAL_Driver/Src/stm32f4xx_hal_rcc.o
 .debug_macro   0x0002179b      0x210 Drivers/STM32F4xx_HAL_Driver/Src/stm32f4xx_hal_rcc_ex.o
 .debug_macro   0x000219ab      0x211 Drivers/STM32F4xx_HAL_Driver/Src/stm32f4xx_hal_uart.o
 .debug_macro   0x00021bbc      0x210 Drivers/STM32F4xx_HAL_Driver/Src/stm32f4xx_ll_usb.o
 .debug_macro   0x00021dcc      0x43a Middlewares/ST/STM32_USB_Host_Library/Core/Src/usbh_core.o
 .debug_macro   0x00022206      0x42c Middlewares/ST/STM32_USB_Host_Library/Core/Src/usbh_pipes.o
 .debug_macro   0x00022632      0x43c USB_HOST/Target/usbh_conf.o

.debug_line     0x00000000     0xb0f6
 .debug_line    0x00000000      0x8e4 Core/Src/gsm.o
 .debug_line    0x000008e4      0x7e9 Core/Src/main.o
 .debug_line    0x000010cd      0x811 Core/Src/stm32f4xx_hal_msp.o
 .debug_line    0x000018de      0x7d9 Core/Src/stm32f4xx_it.o
 .debug_line    0x000020b7      0x5d6 Core/Src/syscalls.o
 .debug_line    0x0000268d      0x727 Core/Src/system_stm32f4xx.o
 .debug_line    0x00002db4      0x904 Drivers/STM32F4xx_HAL_Driver/Src/stm32f4xx_hal.o
 .debug_line    0x000036b8      0x956 Drivers/STM32F4xx_HAL_Driver/Src/stm32f4xx_hal_cortex.o
 .debug_line    0x0000400e      0xa2c Drivers/STM32F4xx_HAL_Driver/Src/stm32f4xx_hal_dma.o
 .debug_line    0x00004a3a      0x88c Drivers/STM32F4xx_HAL_Driver/Src/stm32f4xx_hal_gpio.o
 .debug_line    0x000052c6      0xb4d Drivers/STM32F4xx_HAL_Driver/Src/stm32f4xx_hal_hcd.o
 .debug_line    0x00005e13      0x997 Drivers/STM32F4xx_HAL_Driver/Src/stm32f4xx_hal_rcc.o
 .debug_line    0x000067aa      0x81c Drivers/STM32F4xx_HAL_Driver/Src/stm32f4xx_hal_rcc_ex.o
 .debug_line    0x00006fc6     0x1053 Drivers/STM32F4xx_HAL_Driver/Src/stm32f4xx_hal_uart.o
 .debug_line    0x00008019      0xddb Drivers/STM32F4xx_HAL_Driver/Src/stm32f4xx_ll_usb.o
 .debug_line    0x00008df4      0xd21 Middlewares/ST/STM32_USB_Host_Library/Core/Src/usbh_core.o
 .debug_line    0x00009b15      0x9d1 Middlewares/ST/STM32_USB_Host_Library/Core/Src/usbh_pipes.o
 .debug_line    0x0000a4e6      0xb92 USB_HOST/Target/usbh_conf.o
 .debug_line    0x0000b078       0x7e startup/startup_stm32f407xx.o

.debug_str      0x00000000    0xcbc1d
 .debug_str     0x00000000    0xc1b93 Core/Src/gsm.o
                              0xc1e9c (size before relaxing)
 .debug_str     0x000c1b93      0x384 Core/Src/main.o
                              0xc206d (size before relaxing)
 .debug_str     0x000c1f17      0xb08 Core/Src/stm32f4xx_hal_msp.o
                              0xc28f2 (size before relaxing)
 .debug_str     0x000c2a1f      0x49a Core/Src/stm32f4xx_it.o
                              0xc210d (size before relaxing)
 .debug_str     0x000c2eb9     0x4f6a Core/Src/syscalls.o
                               0x8594 (size before relaxing)
 .debug_str     0x000c7e23       0xc4 Core/Src/system_stm32f4xx.o
                              0xc11b5 (size before relaxing)
 .debug_str     0x000c7ee7      0x57c Drivers/STM32F4xx_HAL_Driver/Src/stm32f4xx_hal.o
                              0xc1cc7 (size before relaxing)
 .debug_str     0x000c8463      0x326 Drivers/STM32F4xx_HAL_Driver/Src/stm32f4xx_hal_cortex.o
                              0xc1a71 (size before relaxing)
 .debug_str     0x000c8789      0x31a Drivers/STM32F4xx_HAL_Driver/Src/stm32f4xx_hal_dma.o
                              0xc15d6 (size before relaxing)
 .debug_str     0x000c8aa3      0x1c9 Drivers/STM32F4xx_HAL_Driver/Src/stm32f4xx_hal_gpio.o
                              0xc13f4 (size before relaxing)
 .debug_str     0x000c8c6c      0x4f2 Drivers/STM32F4xx_HAL_Driver/Src/stm32f4xx_hal_hcd.o
                              0xc194b (size before relaxing)
 .debug_str     0x000c915e      0x233 Drivers/STM32F4xx_HAL_Driver/Src/stm32f4xx_hal_rcc.o
                              0xc15c9 (size before relaxing)
 .debug_str     0x000c9391       0xf9 Drivers/STM32F4xx_HAL_Driver/Src/stm32f4xx_hal_rcc_ex.o
                              0xc1303 (size before relaxing)
 .debug_str     0x000c948a      0x4bc Drivers/STM32F4xx_HAL_Driver/Src/stm32f4xx_hal_uart.o
                              0xc1a78 (size before relaxing)
 .debug_str     0x000c9946      0x507 Drivers/STM32F4xx_HAL_Driver/Src/stm32f4xx_ll_usb.o
                              0xc1a93 (size before relaxing)
 .debug_str     0x000c9e4d     0x1b90 Middlewares/ST/STM32_USB_Host_Library/Core/Src/usbh_core.o
                              0xc76fb (size before relaxing)
 .debug_str     0x000cb9dd       0x98 Middlewares/ST/STM32_USB_Host_Library/Core/Src/usbh_pipes.o
                              0xc7451 (size before relaxing)
 .debug_str     0x000cba75      0x179 USB_HOST/Target/usbh_conf.o
                              0xc82e5 (size before relaxing)
 .debug_str     0x000cbbee       0x2f startup/startup_stm32f407xx.o
                                 0x54 (size before relaxing)

.comment        0x00000000       0x7f
 .comment       0x00000000       0x7f Core/Src/gsm.o
                                 0x80 (size before relaxing)
 .comment       0x0000007f       0x80 Core/Src/main.o
 .comment       0x0000007f       0x80 Core/Src/stm32f4xx_hal_msp.o
 .comment       0x0000007f       0x80 Core/Src/stm32f4xx_it.o
 .comment       0x0000007f       0x80 Core/Src/syscalls.o
 .comment       0x0000007f       0x80 Core/Src/system_stm32f4xx.o
 .comment       0x0000007f       0x80 Drivers/STM32F4xx_HAL_Driver/Src/stm32f4xx_hal.o
 .comment       0x0000007f       0x80 Drivers/STM32F4xx_HAL_Driver/Src/stm32f4xx_hal_cortex.o
 .comment       0x0000007f       0x80 Drivers/STM32F4xx_HAL_Driver/Src/stm32f4xx_hal_dma.o
 .comment       0x0000007f       0x80 Drivers/STM32F4xx_HAL_Driver/Src/stm32f4xx_hal_gpio.o
 .comment       0x0000007f       0x80 Drivers/STM32F4xx_HAL_Driver/Src/stm32f4xx_hal_hcd.o
 .comment       0x0000007f       0x80 Drivers/STM32F4xx_HAL_Driver/Src/stm32f4xx_hal_rcc.o
 .comment       0x0000007f       0x80 Drivers/STM32F4xx_HAL_Driver/Src/stm32f4xx_hal_rcc_ex.o
 .comment       0x0000007f       0x80 Drivers/STM32F4xx_HAL_Driver/Src/stm32f4xx_hal_uart.o
 .comment       0x0000007f       0x80 Drivers/STM32F4xx_HAL_Driver/Src/stm32f4xx_ll_usb.o
 .comment       0x0000007f       0x80 Middlewares/ST/STM32_USB_Host_Library/Core/Src/usbh_core.o
 .comment       0x0000007f       0x80 Middlewares/ST/STM32_USB_Host_Library/Core/Src/usbh_pipes.o
 .comment       0x0000007f       0x80 USB_HOST/Target/usbh_conf.o

.debug_frame    0x00000000     0x21c8
 .debug_frame   0x00000000      0x190 Core/Src/gsm.o
 .debug_frame   0x00000190       0xa0 Core/Src/main.o
 .debug_frame   0x00000230      0x11c Core/Src/stm32f4xx_hal_msp.o
 .debug_frame   0x0000034c       0xf0 Core/Src/stm32f4xx_it.o
 .debug_frame   0x0000043c      0x1a8 Core/Src/syscalls.o
 .debug_frame   0x000005e4       0x30 Core/Src/system_stm32f4xx.o
 .debug_frame   0x00000614      0x1ec Drivers/STM32F4xx_HAL_Driver/Src/stm32f4xx_hal.o
 .debug_frame   0x00000800      0x15c Drivers/STM32F4xx_HAL_Driver/Src/stm32f4xx_hal_cortex.o
 .debug_frame   0x0000095c      0x188 Drivers/STM32F4xx_HAL_Driver/Src/stm32f4xx_hal_dma.o
 .debug_frame   0x00000ae4       0xd8 Drivers/STM32F4xx_HAL_Driver/Src/stm32f4xx_hal_gpio.o
 .debug_frame   0x00000bbc      0x2b4 Drivers/STM32F4xx_HAL_Driver/Src/stm32f4xx_hal_hcd.o
 .debug_frame   0x00000e70      0x184 Drivers/STM32F4xx_HAL_Driver/Src/stm32f4xx_hal_rcc.o
 .debug_frame   0x00000ff4       0xa4 Drivers/STM32F4xx_HAL_Driver/Src/stm32f4xx_hal_rcc_ex.o
 .debug_frame   0x00001098      0x4f0 Drivers/STM32F4xx_HAL_Driver/Src/stm32f4xx_hal_uart.o
 .debug_frame   0x00001588      0x488 Drivers/STM32F4xx_HAL_Driver/Src/stm32f4xx_ll_usb.o
 .debug_frame   0x00001a10      0x200 Middlewares/ST/STM32_USB_Host_Library/Core/Src/usbh_core.o
 .debug_frame   0x00001c10       0x84 Middlewares/ST/STM32_USB_Host_Library/Core/Src/usbh_pipes.o
 .debug_frame   0x00001c94      0x25c USB_HOST/Target/usbh_conf.o
 .debug_frame   0x00001ef0       0x2c c:/ac6/systemworkbench/plugins/fr.ac6.mcu.externaltools.arm-none.win32_1.17.0.201812190825/tools/compiler/bin/../lib/gcc/arm-none-eabi/7.3.1/thumb/v7e-m/fpv4-sp/hard\libgcc.a(_aeabi_uldivmod.o)
 .debug_frame   0x00001f1c       0x34 c:/ac6/systemworkbench/plugins/fr.ac6.mcu.externaltools.arm-none.win32_1.17.0.201812190825/tools/compiler/bin/../lib/gcc/arm-none-eabi/7.3.1/thumb/v7e-m/fpv4-sp/hard\libgcc.a(_udivmoddi4.o)
 .debug_frame   0x00001f50       0x20 c:/ac6/systemworkbench/plugins/fr.ac6.mcu.externaltools.arm-none.win32_1.17.0.201812190825/tools/compiler/bin/../lib/gcc/arm-none-eabi/7.3.1/../../../../arm-none-eabi/lib/thumb/v7e-m/fpv4-sp/hard\libc_nano.a(lib_a-calloc.o)
 .debug_frame   0x00001f70       0x20 c:/ac6/systemworkbench/plugins/fr.ac6.mcu.externaltools.arm-none.win32_1.17.0.201812190825/tools/compiler/bin/../lib/gcc/arm-none-eabi/7.3.1/../../../../arm-none-eabi/lib/thumb/v7e-m/fpv4-sp/hard\libc_nano.a(lib_a-errno.o)
 .debug_frame   0x00001f90       0x2c c:/ac6/systemworkbench/plugins/fr.ac6.mcu.externaltools.arm-none.win32_1.17.0.201812190825/tools/compiler/bin/../lib/gcc/arm-none-eabi/7.3.1/../../../../arm-none-eabi/lib/thumb/v7e-m/fpv4-sp/hard\libc_nano.a(lib_a-init.o)
 .debug_frame   0x00001fbc       0x20 c:/ac6/systemworkbench/plugins/fr.ac6.mcu.externaltools.arm-none.win32_1.17.0.201812190825/tools/compiler/bin/../lib/gcc/arm-none-eabi/7.3.1/../../../../arm-none-eabi/lib/thumb/v7e-m/fpv4-sp/hard\libc_nano.a(lib_a-memset.o)
 .debug_frame   0x00001fdc       0x2c c:/ac6/systemworkbench/plugins/fr.ac6.mcu.externaltools.arm-none.win32_1.17.0.201812190825/tools/compiler/bin/../lib/gcc/arm-none-eabi/7.3.1/../../../../arm-none-eabi/lib/thumb/v7e-m/fpv4-sp/hard\libc_nano.a(lib_a-nano-callocr.o)
 .debug_frame   0x00002008       0x38 c:/ac6/systemworkbench/plugins/fr.ac6.mcu.externaltools.arm-none.win32_1.17.0.201812190825/tools/compiler/bin/../lib/gcc/arm-none-eabi/7.3.1/../../../../arm-none-eabi/lib/thumb/v7e-m/fpv4-sp/hard\libc_nano.a(lib_a-nano-freer.o)
 .debug_frame   0x00002040       0x2c c:/ac6/systemworkbench/plugins/fr.ac6.mcu.externaltools.arm-none.win32_1.17.0.201812190825/tools/compiler/bin/../lib/gcc/arm-none-eabi/7.3.1/../../../../arm-none-eabi/lib/thumb/v7e-m/fpv4-sp/hard\libc_nano.a(lib_a-nano-mallocr.o)
 .debug_frame   0x0000206c       0x20 c:/ac6/systemworkbench/plugins/fr.ac6.mcu.externaltools.arm-none.win32_1.17.0.201812190825/tools/compiler/bin/../lib/gcc/arm-none-eabi/7.3.1/../../../../arm-none-eabi/lib/thumb/v7e-m/fpv4-sp/hard\libc_nano.a(lib_a-realloc.o)
 .debug_frame   0x0000208c       0x2c c:/ac6/systemworkbench/plugins/fr.ac6.mcu.externaltools.arm-none.win32_1.17.0.201812190825/tools/compiler/bin/../lib/gcc/arm-none-eabi/7.3.1/../../../../arm-none-eabi/lib/thumb/v7e-m/fpv4-sp/hard\libc_nano.a(lib_a-sbrkr.o)
 .debug_frame   0x000020b8       0x30 c:/ac6/systemworkbench/plugins/fr.ac6.mcu.externaltools.arm-none.win32_1.17.0.201812190825/tools/compiler/bin/../lib/gcc/arm-none-eabi/7.3.1/../../../../arm-none-eabi/lib/thumb/v7e-m/fpv4-sp/hard\libc_nano.a(lib_a-mlock.o)
 .debug_frame   0x000020e8       0x3c c:/ac6/systemworkbench/plugins/fr.ac6.mcu.externaltools.arm-none.win32_1.17.0.201812190825/tools/compiler/bin/../lib/gcc/arm-none-eabi/7.3.1/../../../../arm-none-eabi/lib/thumb/v7e-m/fpv4-sp/hard\libc_nano.a(lib_a-nano-reallocr.o)
 .debug_frame   0x00002124       0x5c c:/ac6/systemworkbench/plugins/fr.ac6.mcu.externaltools.arm-none.win32_1.17.0.201812190825/tools/compiler/bin/../lib/gcc/arm-none-eabi/7.3.1/../../../../arm-none-eabi/lib/thumb/v7e-m/fpv4-sp/hard\libc_nano.a(lib_a-reent.o)
 .debug_frame   0x00002180       0x28 c:/ac6/systemworkbench/plugins/fr.ac6.mcu.externaltools.arm-none.win32_1.17.0.201812190825/tools/compiler/bin/../lib/gcc/arm-none-eabi/7.3.1/../../../../arm-none-eabi/lib/thumb/v7e-m/fpv4-sp/hard\libc_nano.a(lib_a-memcpy-stub.o)
 .debug_frame   0x000021a8       0x20 c:/ac6/systemworkbench/plugins/fr.ac6.mcu.externaltools.arm-none.win32_1.17.0.201812190825/tools/compiler/bin/../lib/gcc/arm-none-eabi/7.3.1/../../../../arm-none-eabi/lib/thumb/v7e-m/fpv4-sp/hard\libc_nano.a(lib_a-nano-msizer.o)
